10:59:32 **** Build of configuration Debug for project stm32f4xx_driver ****
make -j4 all 
arm-none-eabi-gcc "../driver/Src/stm32f407xx_gpio_driver.c" -mcpu=cortex-m4 -std=gnu99 -g3 -DDEBUG -DSTM32 -DSTM32F407G_DISC1 -DSTM32F4 -DSTM32F407VGTx -c -I"E:/Anand/Embedded_Driver_Dev/MyWorkspace/stm32f4xx_driver/driver/Inc" -I../Inc -O0 -ffunction-sections -fdata-sections -Wall -fstack-usage -MMD -MP -MF"driver/Src/stm32f407xx_gpio_driver.d" -MT"driver/Src/stm32f407xx_gpio_driver.o" --specs=nano.specs -mfloat-abi=soft -mthumb -o "driver/Src/stm32f407xx_gpio_driver.o"
arm-none-eabi-gcc "../driver/Src/stm32f407xx_spi_driver.c" -mcpu=cortex-m4 -std=gnu99 -g3 -DDEBUG -DSTM32 -DSTM32F407G_DISC1 -DSTM32F4 -DSTM32F407VGTx -c -I"E:/Anand/Embedded_Driver_Dev/MyWorkspace/stm32f4xx_driver/driver/Inc" -I../Inc -O0 -ffunction-sections -fdata-sections -Wall -fstack-usage -MMD -MP -MF"driver/Src/stm32f407xx_spi_driver.d" -MT"driver/Src/stm32f407xx_spi_driver.o" --specs=nano.specs -mfloat-abi=soft -mthumb -o "driver/Src/stm32f407xx_spi_driver.o"
arm-none-eabi-gcc -mcpu=cortex-m4 -g3 -DDEBUG -c -x assembler-with-cpp -MMD -MP -MF"Startup/startup_stm32f407vgtx.d" -MT"Startup/startup_stm32f407vgtx.o" --specs=nano.specs -mfloat-abi=soft -mthumb -o "Startup/startup_stm32f407vgtx.o" "../Startup/startup_stm32f407vgtx.s"
arm-none-eabi-gcc "../Src/007_spi_cmd_request_response_IT.c" -mcpu=cortex-m4 -std=gnu99 -g3 -DDEBUG -DSTM32 -DSTM32F407G_DISC1 -DSTM32F4 -DSTM32F407VGTx -c -I"E:/Anand/Embedded_Driver_Dev/MyWorkspace/stm32f4xx_driver/driver/Inc" -I../Inc -O0 -ffunction-sections -fdata-sections -Wall -fstack-usage -MMD -MP -MF"Src/007_spi_cmd_request_response_IT.d" -MT"Src/007_spi_cmd_request_response_IT.o" --specs=nano.specs -mfloat-abi=soft -mthumb -o "Src/007_spi_cmd_request_response_IT.o"
arm-none-eabi-gcc "../Src/syscalls.c" -mcpu=cortex-m4 -std=gnu99 -g3 -DDEBUG -DSTM32 -DSTM32F407G_DISC1 -DSTM32F4 -DSTM32F407VGTx -c -I"E:/Anand/Embedded_Driver_Dev/MyWorkspace/stm32f4xx_driver/driver/Inc" -I../Inc -O0 -ffunction-sections -fdata-sections -Wall -fstack-usage -MMD -MP -MF"Src/syscalls.d" -MT"Src/syscalls.o" --specs=nano.specs -mfloat-abi=soft -mthumb -o "Src/syscalls.o"
arm-none-eabi-gcc "../Src/sysmem.c" -mcpu=cortex-m4 -std=gnu99 -g3 -DDEBUG -DSTM32 -DSTM32F407G_DISC1 -DSTM32F4 -DSTM32F407VGTx -c -I"E:/Anand/Embedded_Driver_Dev/MyWorkspace/stm32f4xx_driver/driver/Inc" -I../Inc -O0 -ffunction-sections -fdata-sections -Wall -fstack-usage -MMD -MP -MF"Src/sysmem.d" -MT"Src/sysmem.o" --specs=nano.specs -mfloat-abi=soft -mthumb -o "Src/sysmem.o"
arm-none-eabi-gcc -o "stm32f4xx_driver.elf" @"objects.list"   -mcpu=cortex-m4 -T"E:\Anand\Embedded_Driver_Dev\MyWorkspace\stm32f4xx_driver\STM32F407VGTX_FLASH.ld" --specs=nosys.specs -Wl,-Map="stm32f4xx_driver.map" -Wl,--gc-sections -static --specs=nano.specs -mfloat-abi=soft -mthumb -Wl,--start-group -lc -lm -Wl,--end-group
Finished building target: stm32f4xx_driver.elf
 
arm-none-eabi-size   stm32f4xx_driver.elf 
arm-none-eabi-objdump -h -S  stm32f4xx_driver.elf  > "stm32f4xx_driver.list"
arm-none-eabi-objcopy  -O binary  stm32f4xx_driver.elf  "stm32f4xx_driver.bin"
   text	   data	    bss	    dec	    hex	filename
   4744	      8	   1600	   6352	   18d0	stm32f4xx_driver.elf
Finished building: default.size.stdout
 
Finished building: stm32f4xx_driver.bin
Finished building: stm32f4xx_driver.list
 
 

10:59:34 Build Finished. 0 errors, 0 warnings. (took 2s.53ms)

