15:23:02 **** Incremental Build of configuration Debug for project stm32f4xx_driver ****
make -j4 all 
arm-none-eabi-gcc "../driver/Src/stm32f407xx_i2c_driver.c" -mcpu=cortex-m4 -std=gnu99 -g3 -DDEBUG -DSTM32 -DSTM32F407G_DISC1 -DSTM32F4 -DSTM32F407VGTx -c -I"E:/Anand/Embedded_Driver_Dev/MyWorkspace/stm32f4xx_driver/driver/Inc" -I../Inc -O0 -ffunction-sections -fdata-sections -Wall -fstack-usage -MMD -MP -MF"driver/Src/stm32f407xx_i2c_driver.d" -MT"driver/Src/stm32f407xx_i2c_driver.o" --specs=nano.specs -mfloat-abi=soft -mthumb -o "driver/Src/stm32f407xx_i2c_driver.o"
../driver/Src/stm32f407xx_i2c_driver.c: In function 'GetPLLClockOutput':
../driver/Src/stm32f407xx_i2c_driver.c:60:1: warning: control reaches end of non-void function [-Wreturn-type]
   60 | }
      | ^
arm-none-eabi-gcc -o "stm32f4xx_driver.elf" @"objects.list"   -mcpu=cortex-m4 -T"E:\Anand\Embedded_Driver_Dev\MyWorkspace\stm32f4xx_driver\STM32F407VGTX_FLASH.ld" --specs=nosys.specs -Wl,-Map="stm32f4xx_driver.map" -Wl,--gc-sections -static -specs=rdimon.specs -lc -lrdimon --specs=nano.specs -mfloat-abi=soft -mthumb -Wl,--start-group -lc -lm -Wl,--end-group
Finished building target: stm32f4xx_driver.elf
 
arm-none-eabi-size   stm32f4xx_driver.elf 
arm-none-eabi-objdump -h -S  stm32f4xx_driver.elf  > "stm32f4xx_driver.list"
arm-none-eabi-objcopy  -O binary  stm32f4xx_driver.elf  "stm32f4xx_driver.bin"
   text	   data	    bss	    dec	    hex	filename
   9344	    140	   1812	  11296	   2c20	stm32f4xx_driver.elf
Finished building: default.size.stdout
 
Finished building: stm32f4xx_driver.bin
 
Finished building: stm32f4xx_driver.list
 

15:23:03 Build Finished. 0 errors, 1 warnings. (took 1s.86ms)

