Archive member included to satisfy reference by file (symbol)

c:/st/stm32cubeide_1.7.0/stm32cubeide/plugins/com.st.stm32cube.ide.mcu.externaltools.gnu-tools-for-stm32.9-2020-q2-update.win32_2.0.0.202105311346/tools/bin/../lib/gcc/arm-none-eabi/9.3.1/../../../../arm-none-eabi/lib/thumb/v7e-m/nofp\libc_nano.a(lib_a-errno.o)
                              ./Src/sysmem.o (__errno)
c:/st/stm32cubeide_1.7.0/stm32cubeide/plugins/com.st.stm32cube.ide.mcu.externaltools.gnu-tools-for-stm32.9-2020-q2-update.win32_2.0.0.202105311346/tools/bin/../lib/gcc/arm-none-eabi/9.3.1/../../../../arm-none-eabi/lib/thumb/v7e-m/nofp\libc_nano.a(lib_a-exit.o)
                              c:/st/stm32cubeide_1.7.0/stm32cubeide/plugins/com.st.stm32cube.ide.mcu.externaltools.gnu-tools-for-stm32.9-2020-q2-update.win32_2.0.0.202105311346/tools/bin/../lib/gcc/arm-none-eabi/9.3.1/../../../../arm-none-eabi/lib/thumb/v7e-m/nofp/rdimon-crt0.o (exit)
c:/st/stm32cubeide_1.7.0/stm32cubeide/plugins/com.st.stm32cube.ide.mcu.externaltools.gnu-tools-for-stm32.9-2020-q2-update.win32_2.0.0.202105311346/tools/bin/../lib/gcc/arm-none-eabi/9.3.1/../../../../arm-none-eabi/lib/thumb/v7e-m/nofp\libc_nano.a(lib_a-impure.o)
                              c:/st/stm32cubeide_1.7.0/stm32cubeide/plugins/com.st.stm32cube.ide.mcu.externaltools.gnu-tools-for-stm32.9-2020-q2-update.win32_2.0.0.202105311346/tools/bin/../lib/gcc/arm-none-eabi/9.3.1/../../../../arm-none-eabi/lib/thumb/v7e-m/nofp\libc_nano.a(lib_a-exit.o) (_global_impure_ptr)
c:/st/stm32cubeide_1.7.0/stm32cubeide/plugins/com.st.stm32cube.ide.mcu.externaltools.gnu-tools-for-stm32.9-2020-q2-update.win32_2.0.0.202105311346/tools/bin/../lib/gcc/arm-none-eabi/9.3.1/../../../../arm-none-eabi/lib/thumb/v7e-m/nofp\libc_nano.a(lib_a-init.o)
                              c:/st/stm32cubeide_1.7.0/stm32cubeide/plugins/com.st.stm32cube.ide.mcu.externaltools.gnu-tools-for-stm32.9-2020-q2-update.win32_2.0.0.202105311346/tools/bin/../lib/gcc/arm-none-eabi/9.3.1/../../../../arm-none-eabi/lib/thumb/v7e-m/nofp/rdimon-crt0.o (__libc_init_array)
c:/st/stm32cubeide_1.7.0/stm32cubeide/plugins/com.st.stm32cube.ide.mcu.externaltools.gnu-tools-for-stm32.9-2020-q2-update.win32_2.0.0.202105311346/tools/bin/../lib/gcc/arm-none-eabi/9.3.1/../../../../arm-none-eabi/lib/thumb/v7e-m/nofp\libc_nano.a(lib_a-memset.o)
                              c:/st/stm32cubeide_1.7.0/stm32cubeide/plugins/com.st.stm32cube.ide.mcu.externaltools.gnu-tools-for-stm32.9-2020-q2-update.win32_2.0.0.202105311346/tools/bin/../lib/gcc/arm-none-eabi/9.3.1/../../../../arm-none-eabi/lib/thumb/v7e-m/nofp/rdimon-crt0.o (memset)
c:/st/stm32cubeide_1.7.0/stm32cubeide/plugins/com.st.stm32cube.ide.mcu.externaltools.gnu-tools-for-stm32.9-2020-q2-update.win32_2.0.0.202105311346/tools/bin/../lib/gcc/arm-none-eabi/9.3.1/../../../../arm-none-eabi/lib/thumb/v7e-m/nofp\libc_nano.a(lib_a-strlen.o)
                              ./driver/Src/stm32f407xx_i2c_driver.o (strlen)
c:/st/stm32cubeide_1.7.0/stm32cubeide/plugins/com.st.stm32cube.ide.mcu.externaltools.gnu-tools-for-stm32.9-2020-q2-update.win32_2.0.0.202105311346/tools/bin/../lib/gcc/arm-none-eabi/9.3.1/../../../../arm-none-eabi/lib/thumb/v7e-m/nofp\librdimon_nano.a(rdimon-syscalls.o)
                              c:/st/stm32cubeide_1.7.0/stm32cubeide/plugins/com.st.stm32cube.ide.mcu.externaltools.gnu-tools-for-stm32.9-2020-q2-update.win32_2.0.0.202105311346/tools/bin/../lib/gcc/arm-none-eabi/9.3.1/../../../../arm-none-eabi/lib/thumb/v7e-m/nofp/rdimon-crt0.o (initialise_monitor_handles)
c:/st/stm32cubeide_1.7.0/stm32cubeide/plugins/com.st.stm32cube.ide.mcu.externaltools.gnu-tools-for-stm32.9-2020-q2-update.win32_2.0.0.202105311346/tools/bin/../lib/gcc/arm-none-eabi/9.3.1/../../../../arm-none-eabi/lib/thumb/v7e-m/nofp\librdimon_nano.a(rdimon-_exit.o)
                              c:/st/stm32cubeide_1.7.0/stm32cubeide/plugins/com.st.stm32cube.ide.mcu.externaltools.gnu-tools-for-stm32.9-2020-q2-update.win32_2.0.0.202105311346/tools/bin/../lib/gcc/arm-none-eabi/9.3.1/../../../../arm-none-eabi/lib/thumb/v7e-m/nofp\libc_nano.a(lib_a-exit.o) (_exit)
c:/st/stm32cubeide_1.7.0/stm32cubeide/plugins/com.st.stm32cube.ide.mcu.externaltools.gnu-tools-for-stm32.9-2020-q2-update.win32_2.0.0.202105311346/tools/bin/../lib/gcc/arm-none-eabi/9.3.1/../../../../arm-none-eabi/lib/thumb/v7e-m/nofp\librdimon_nano.a(rdimon-_kill.o)
                              c:/st/stm32cubeide_1.7.0/stm32cubeide/plugins/com.st.stm32cube.ide.mcu.externaltools.gnu-tools-for-stm32.9-2020-q2-update.win32_2.0.0.202105311346/tools/bin/../lib/gcc/arm-none-eabi/9.3.1/../../../../arm-none-eabi/lib/thumb/v7e-m/nofp\librdimon_nano.a(rdimon-_exit.o) (_kill_shared)
c:/st/stm32cubeide_1.7.0/stm32cubeide/plugins/com.st.stm32cube.ide.mcu.externaltools.gnu-tools-for-stm32.9-2020-q2-update.win32_2.0.0.202105311346/tools/bin/../lib/gcc/arm-none-eabi/9.3.1/../../../../arm-none-eabi/lib/thumb/v7e-m/nofp\libc_nano.a(lib_a-findfp.o)
[...]
Memory Configuration

Name             Origin             Length             Attributes
CCMRAM           0x0000000010000000 0x0000000000010000 xrw
RAM              0x0000000020000000 0x0000000000020000 xrw
FLASH            0x0000000008000000 0x0000000000100000 xr
*default*        0x0000000000000000 0xffffffffffffffff

Linker script and memory map

LOAD c:/st/stm32cubeide_1.7.0/stm32cubeide/plugins/com.st.stm32cube.ide.mcu.externaltools.gnu-tools-for-stm32.9-2020-q2-update.win32_2.0.0.202105311346/tools/bin/../lib/gcc/arm-none-eabi/9.3.1/thumb/v7e-m/nofp/crti.o
LOAD c:/st/stm32cubeide_1.7.0/stm32cubeide/plugins/com.st.stm32cube.ide.mcu.externaltools.gnu-tools-for-stm32.9-2020-q2-update.win32_2.0.0.202105311346/tools/bin/../lib/gcc/arm-none-eabi/9.3.1/thumb/v7e-m/nofp/crtbegin.o
LOAD c:/st/stm32cubeide_1.7.0/stm32cubeide/plugins/com.st.stm32cube.ide.mcu.externaltools.gnu-tools-for-stm32.9-2020-q2-update.win32_2.0.0.202105311346/tools/bin/../lib/gcc/arm-none-eabi/9.3.1/../../../../arm-none-eabi/lib/thumb/v7e-m/nofp/rdimon-crt0.o
LOAD ./Src/011_I2C_SlaveTxstring.o
LOAD ./Src/sysmem.o
LOAD ./Startup/startup_stm32f407vgtx.o
LOAD ./driver/Src/stm32f407xx_gpio_driver.o
LOAD ./driver/Src/stm32f407xx_i2c_driver.o
LOAD ./driver/Src/stm32f407xx_spi_driver.o
LOAD c:/st/stm32cubeide_1.7.0/stm32cubeide/plugins/com.st.stm32cube.ide.mcu.externaltools.gnu-tools-for-stm32.9-2020-q2-update.win32_2.0.0.202105311346/tools/bin/../lib/gcc/arm-none-eabi/9.3.1/../../../../arm-none-eabi/lib/thumb/v7e-m/nofp\libc_nano.a
LOAD c:/st/stm32cubeide_1.7.0/stm32cubeide/plugins/com.st.stm32cube.ide.mcu.externaltools.gnu-tools-for-stm32.9-2020-q2-update.win32_2.0.0.202105311346/tools/bin/../lib/gcc/arm-none-eabi/9.3.1/../../../../arm-none-eabi/lib/thumb/v7e-m/nofp\librdimon_nano.a
START GROUP
LOAD c:/st/stm32cubeide_1.7.0/stm32cubeide/plugins/com.st.stm32cube.ide.mcu.externaltools.gnu-tools-for-stm32.9-2020-q2-update.win32_2.0.0.202105311346/tools/bin/../lib/gcc/arm-none-eabi/9.3.1/../../../../arm-none-eabi/lib/thumb/v7e-m/nofp\libc_nano.a
LOAD c:/st/stm32cubeide_1.7.0/stm32cubeide/plugins/com.st.stm32cube.ide.mcu.externaltools.gnu-tools-for-stm32.9-2020-q2-update.win32_2.0.0.202105311346/tools/bin/../lib/gcc/arm-none-eabi/9.3.1/../../../../arm-none-eabi/lib/thumb/v7e-m/nofp\libm.a
END GROUP
START GROUP
LOAD c:/st/stm32cubeide_1.7.0/stm32cubeide/plugins/com.st.stm32cube.ide.mcu.externaltools.gnu-tools-for-stm32.9-2020-q2-update.win32_2.0.0.202105311346/tools/bin/../lib/gcc/arm-none-eabi/9.3.1/thumb/v7e-m/nofp\libgcc.a
LOAD c:/st/stm32cubeide_1.7.0/stm32cubeide/plugins/com.st.stm32cube.ide.mcu.externaltools.gnu-tools-for-stm32.9-2020-q2-update.win32_2.0.0.202105311346/tools/bin/../lib/gcc/arm-none-eabi/9.3.1/../../../../arm-none-eabi/lib/thumb/v7e-m/nofp\libc_nano.a
END GROUP
START GROUP
LOAD c:/st/stm32cubeide_1.7.0/stm32cubeide/plugins/com.st.stm32cube.ide.mcu.externaltools.gnu-tools-for-stm32.9-2020-q2-update.win32_2.0.0.202105311346/tools/bin/../lib/gcc/arm-none-eabi/9.3.1/thumb/v7e-m/nofp\libgcc.a
LOAD c:/st/stm32cubeide_1.7.0/stm32cubeide/plugins/com.st.stm32cube.ide.mcu.externaltools.gnu-tools-for-stm32.9-2020-q2-update.win32_2.0.0.202105311346/tools/bin/../lib/gcc/arm-none-eabi/9.3.1/../../../../arm-none-eabi/lib/thumb/v7e-m/nofp\libc_nano.a
LOAD c:/st/stm32cubeide_1.7.0/stm32cubeide/plugins/com.st.stm32cube.ide.mcu.externaltools.gnu-tools-for-stm32.9-2020-q2-update.win32_2.0.0.202105311346/tools/bin/../lib/gcc/arm-none-eabi/9.3.1/../../../../arm-none-eabi/lib/thumb/v7e-m/nofp\libnosys.a
END GROUP
START GROUP
LOAD c:/st/stm32cubeide_1.7.0/stm32cubeide/plugins/com.st.stm32cube.ide.mcu.externaltools.gnu-tools-for-stm32.9-2020-q2-update.win32_2.0.0.202105311346/tools/bin/../lib/gcc/arm-none-eabi/9.3.1/thumb/v7e-m/nofp\libgcc.a
LOAD c:/st/stm32cubeide_1.7.0/stm32cubeide/plugins/com.st.stm32cube.ide.mcu.externaltools.gnu-tools-for-stm32.9-2020-q2-update.win32_2.0.0.202105311346/tools/bin/../lib/gcc/arm-none-eabi/9.3.1/../../../../arm-none-eabi/lib/thumb/v7e-m/nofp\libc_nano.a
LOAD c:/st/stm32cubeide_1.7.0/stm32cubeide/plugins/com.st.stm32cube.ide.mcu.externaltools.gnu-tools-for-stm32.9-2020-q2-update.win32_2.0.0.202105311346/tools/bin/../lib/gcc/arm-none-eabi/9.3.1/../../../../arm-none-eabi/lib/thumb/v7e-m/nofp\librdimon_nano.a
END GROUP
START GROUP
LOAD c:/st/stm32cubeide_1.7.0/stm32cubeide/plugins/com.st.stm32cube.ide.mcu.externaltools.gnu-tools-for-stm32.9-2020-q2-update.win32_2.0.0.202105311346/tools/bin/../lib/gcc/arm-none-eabi/9.3.1/thumb/v7e-m/nofp\libgcc.a
LOAD c:/st/stm32cubeide_1.7.0/stm32cubeide/plugins/com.st.stm32cube.ide.mcu.externaltools.gnu-tools-for-stm32.9-2020-q2-update.win32_2.0.0.202105311346/tools/bin/../lib/gcc/arm-none-eabi/9.3.1/../../../../arm-none-eabi/lib/thumb/v7e-m/nofp\libc_nano.a
LOAD c:/st/stm32cubeide_1.7.0/stm32cubeide/plugins/com.st.stm32cube.ide.mcu.externaltools.gnu-tools-for-stm32.9-2020-q2-update.win32_2.0.0.202105311346/tools/bin/../lib/gcc/arm-none-eabi/9.3.1/../../../../arm-none-eabi/lib/thumb/v7e-m/nofp\librdimon_nano.a
LOAD c:/st/stm32cubeide_1.7.0/stm32cubeide/plugins/com.st.stm32cube.ide.mcu.externaltools.gnu-tools-for-stm32.9-2020-q2-update.win32_2.0.0.202105311346/tools/bin/../lib/gcc/arm-none-eabi/9.3.1/../../../../arm-none-eabi/lib/thumb/v7e-m/nofp\libnosys.a
END GROUP
LOAD c:/st/stm32cubeide_1.7.0/stm32cubeide/plugins/com.st.stm32cube.ide.mcu.externaltools.gnu-tools-for-stm32.9-2020-q2-update.win32_2.0.0.202105311346/tools/bin/../lib/gcc/arm-none-eabi/9.3.1/thumb/v7e-m/nofp/crtend.o
LOAD c:/st/stm32cubeide_1.7.0/stm32cubeide/plugins/com.st.stm32cube.ide.mcu.externaltools.gnu-tools-for-stm32.9-2020-q2-update.win32_2.0.0.202105311346/tools/bin/../lib/gcc/arm-none-eabi/9.3.1/thumb/v7e-m/nofp/crtn.o
                0x0000000020020000                _estack = (ORIGIN (RAM) + LENGTH (RAM))
                0x0000000000000200                _Min_Heap_Size = 0x200
                0x0000000000000400                _Min_Stack_Size = 0x400

.isr_vector     0x0000000008000000      0x1a8
                0x0000000008000000                . = ALIGN (0x4)
 *(.isr_vector)
 .isr_vector    0x0000000008000000      0x1a8 ./Startup/startup_stm32f407vgtx.o
                0x0000000008000000                g_pfnVectors
                0x00000000080001a8                . = ALIGN (0x4)

.text           0x00000000080001a8     0x1224
                0x00000000080001a8                . = ALIGN (0x4)
 *(.text)
 .text          0x00000000080001a8       0x40 c:/st/stm32cubeide_1.7.0/stm32cubeide/plugins/com.st.stm32cube.ide.mcu.externaltools.gnu-tools-for-stm32.9-2020-q2-update.win32_2.0.0.202105311346/tools/bin/../lib/gcc/arm-none-eabi/9.3.1/thumb/v7e-m/nofp/crtbegin.o
 .text          0x00000000080001e8       0x10 c:/st/stm32cubeide_1.7.0/stm32cubeide/plugins/com.st.stm32cube.ide.mcu.externaltools.gnu-tools-for-stm32.9-2020-q2-update.win32_2.0.0.202105311346/tools/bin/../lib/gcc/arm-none-eabi/9.3.1/../../../../arm-none-eabi/lib/thumb/v7e-m/nofp\libc_nano.a(lib_a-strlen.o)
                0x00000000080001e8                strlen
 *(.text*)
 .text.main     0x00000000080001f8       0x4c ./Src/011_I2C_SlaveTxstring.o
                0x00000000080001f8                main
 .text.I2C1_GpioInit
                0x0000000008000244       0x4c ./Src/011_I2C_SlaveTxstring.o
                0x0000000008000244                I2C1_GpioInit
 .text.I2C1_Init
                0x0000000008000290       0x38 ./Src/011_I2C_SlaveTxstring.o
                0x0000000008000290                I2C1_Init
 .text.GPIO_ButtonInit
                0x00000000080002c8       0x34 ./Src/011_I2C_SlaveTxstring.o
                0x00000000080002c8                GPIO_ButtonInit
 .text.I2C1_EV_IRQHandler
                0x00000000080002fc       0x14 ./Src/011_I2C_SlaveTxstring.o
                0x00000000080002fc                I2C1_EV_IRQHandler
 .text.I2C1_ER_IRQHandler
                0x0000000008000310       0x14 ./Src/011_I2C_SlaveTxstring.o
                0x0000000008000310                I2C1_ER_IRQHandler
 .text.Reset_Handler
                0x0000000008000324       0x50 ./Startup/startup_stm32f407vgtx.o
                0x0000000008000324                Reset_Handler
 .text.Default_Handler
                0x0000000008000374        0x2 ./Startup/startup_stm32f407vgtx.o
                0x0000000008000374                RTC_Alarm_IRQHandler
                0x0000000008000374                HASH_RNG_IRQHandler
                0x0000000008000374                EXTI2_IRQHandler
                0x0000000008000374                TIM8_CC_IRQHandler
                0x0000000008000374                DebugMon_Handler
                0x0000000008000374                TIM1_CC_IRQHandler
                0x0000000008000374                DMA2_Stream5_IRQHandler
                0x0000000008000374                HardFault_Handler
                0x0000000008000374                DMA1_Stream5_IRQHandler
                0x0000000008000374                SysTick_Handler
                0x0000000008000374                PVD_IRQHandler
                0x0000000008000374                SDIO_IRQHandler
                0x0000000008000374                TAMP_STAMP_IRQHandler
                0x0000000008000374                PendSV_Handler
                0x0000000008000374                NMI_Handler
                0x0000000008000374                CAN2_RX1_IRQHandler
                0x0000000008000374                EXTI3_IRQHandler
                0x0000000008000374                TIM8_TRG_COM_TIM14_IRQHandler
                0x0000000008000374                TIM1_UP_TIM10_IRQHandler
                0x0000000008000374                TIM8_UP_TIM13_IRQHandler
                0x0000000008000374                I2C3_ER_IRQHandler
                0x0000000008000374                LCD_TFT_IRQHandler
                0x0000000008000374                EXTI0_IRQHandler
                0x0000000008000374                I2C2_EV_IRQHandler
                0x0000000008000374                DMA1_Stream2_IRQHandler
                0x0000000008000374                CAN1_RX0_IRQHandler
                0x0000000008000374                FPU_IRQHandler
                0x0000000008000374                OTG_HS_WKUP_IRQHandler
                0x0000000008000374                UsageFault_Handler
                0x0000000008000374                CAN2_SCE_IRQHandler
                0x0000000008000374                DMA2_Stream2_IRQHandler
                0x0000000008000374                SPI1_IRQHandler
                0x0000000008000374                TIM6_DAC_IRQHandler
                0x0000000008000374                TIM1_BRK_TIM9_IRQHandler
                0x0000000008000374                DCMI_IRQHandler
                0x0000000008000374                CAN2_RX0_IRQHandler
                0x0000000008000374                DMA2_Stream3_IRQHandler
                0x0000000008000374                USART6_IRQHandler
                0x0000000008000374                USART3_IRQHandler
                0x0000000008000374                CRYP_IRQHandler
                0x0000000008000374                CAN1_RX1_IRQHandler
                0x0000000008000374                UART5_IRQHandler
                0x0000000008000374                DMA2_Stream0_IRQHandler
                0x0000000008000374                TIM4_IRQHandler
                0x0000000008000374                DMA1_Stream6_IRQHandler
                0x0000000008000374                DMA1_Stream1_IRQHandler
                0x0000000008000374                UART4_IRQHandler
                0x0000000008000374                LCD_TFT_1_IRQHandler
                0x0000000008000374                TIM3_IRQHandler
                0x0000000008000374                RCC_IRQHandler
                0x0000000008000374                TIM8_BRK_TIM12_IRQHandler
                0x0000000008000374                Default_Handler
                0x0000000008000374                EXTI15_10_IRQHandler
                0x0000000008000374                ADC_IRQHandler
                0x0000000008000374                DMA1_Stream7_IRQHandler
                0x0000000008000374                TIM7_IRQHandler
                0x0000000008000374                CAN2_TX_IRQHandler
                0x0000000008000374                TIM5_IRQHandler
                0x0000000008000374                DMA2_Stream7_IRQHandler
                0x0000000008000374                I2C3_EV_IRQHandler
                0x0000000008000374                EXTI9_5_IRQHandler
                0x0000000008000374                RTC_WKUP_IRQHandler
                0x0000000008000374                ETH_WKUP_IRQHandler
                0x0000000008000374                SPI2_IRQHandler
                0x0000000008000374                OTG_HS_EP1_IN_IRQHandler
                0x0000000008000374                MemManage_Handler
                0x0000000008000374                DMA1_Stream0_IRQHandler
                0x0000000008000374                CAN1_TX_IRQHandler
                0x0000000008000374                SVC_Handler
                0x0000000008000374                EXTI4_IRQHandler
                0x0000000008000374                FSMC_IRQHandler
                0x0000000008000374                ETH_IRQHandler
                0x0000000008000374                OTG_HS_EP1_OUT_IRQHandler
                0x0000000008000374                WWDG_IRQHandler
                0x0000000008000374                TIM2_IRQHandler
                0x0000000008000374                OTG_FS_WKUP_IRQHandler
                0x0000000008000374                TIM1_TRG_COM_TIM11_IRQHandler
                0x0000000008000374                OTG_HS_IRQHandler
                0x0000000008000374                EXTI1_IRQHandler
                0x0000000008000374                USART2_IRQHandler
                0x0000000008000374                I2C2_ER_IRQHandler
                0x0000000008000374                DMA2_Stream1_IRQHandler
                0x0000000008000374                CAN1_SCE_IRQHandler
                0x0000000008000374                DMA2_Stream4_IRQHandler
                0x0000000008000374                BusFault_Handler
                0x0000000008000374                USART1_IRQHandler
                0x0000000008000374                OTG_FS_IRQHandler
                0x0000000008000374                SPI3_IRQHandler
                0x0000000008000374                DMA1_Stream4_IRQHandler
                0x0000000008000374                DMA2_Stream6_IRQHandler
                0x0000000008000374                DMA1_Stream3_IRQHandler
 *fill*         0x0000000008000376        0x2 
 .text.GPIO_PeriClock_Control
                0x0000000008000378      0x1d0 ./driver/Src/stm32f407xx_gpio_driver.o
                0x0000000008000378                GPIO_PeriClock_Control
 .text.GPIO_Init
                0x0000000008000548      0x2bc ./driver/Src/stm32f407xx_gpio_driver.o
                0x0000000008000548                GPIO_Init
 .text.I2C_PeriClock_Control
                0x0000000008000804       0xb0 ./driver/Src/stm32f407xx_i2c_driver.o
                0x0000000008000804                I2C_PeriClock_Control
 .text.GetPLLClockOutput
                0x00000000080008b4        0xe ./driver/Src/stm32f407xx_i2c_driver.o
                0x00000000080008b4                GetPLLClockOutput
 *fill*         0x00000000080008c2        0x2 
 .text.GetPCLKValue
                0x00000000080008c4       0xcc ./driver/Src/stm32f407xx_i2c_driver.o
                0x00000000080008c4                GetPCLKValue
 .text.I2C_Init
                0x0000000008000990      0x18c ./driver/Src/stm32f407xx_i2c_driver.o
                0x0000000008000990                I2C_Init
 .text.I2C_Event_IRQHandling
                0x0000000008000b1c      0x1b4 ./driver/Src/stm32f407xx_i2c_driver.o
                0x0000000008000b1c                I2C_Event_IRQHandling
 .text.I2C_Error_IRQHandling
                0x0000000008000cd0      0x13e ./driver/Src/stm32f407xx_i2c_driver.o
                0x0000000008000cd0                I2C_Error_IRQHandling
 .text.I2C_InterruptHandling_TXECallback
                0x0000000008000e0e       0x42 ./driver/Src/stm32f407xx_i2c_driver.o
 .text.I2C_InterruptHandling_RXNECallback
                0x0000000008000e50       0xb4 ./driver/Src/stm32f407xx_i2c_driver.o
 .text.I2C_CloseTranmission
                0x0000000008000f04       0x44 ./driver/Src/stm32f407xx_i2c_driver.o
                0x0000000008000f04                I2C_CloseTranmission
 .text.I2C_CloseReception
                0x0000000008000f48       0x5c ./driver/Src/stm32f407xx_i2c_driver.o
                0x0000000008000f48                I2C_CloseReception
 .text.I2C_SlaveSenddata
                0x0000000008000fa4       0x1c ./driver/Src/stm32f407xx_i2c_driver.o
                0x0000000008000fa4                I2C_SlaveSenddata
 .text.I2C_SlaveReceivedata
                0x0000000008000fc0       0x18 ./driver/Src/stm32f407xx_i2c_driver.o
                0x0000000008000fc0                I2C_SlaveReceivedata
 .text.I2C_ApplicationEventCallback
                0x0000000008000fd8       0xb8 ./driver/Src/stm32f407xx_i2c_driver.o
                0x0000000008000fd8                I2C_ApplicationEventCallback
 .text.I2C_StopCondition
                0x0000000008001090       0x1e ./driver/Src/stm32f407xx_i2c_driver.o
 .text.I2C_ExecuteAddressPhaseWrite
                0x00000000080010ae       0x38 ./driver/Src/stm32f407xx_i2c_driver.o
 .text.I2C_ExecuteAddressPhaseRead
                0x00000000080010e6       0x38 ./driver/Src/stm32f407xx_i2c_driver.o
 .text.I2C_ClearAddressPhase
                0x000000000800111e       0x72 ./driver/Src/stm32f407xx_i2c_driver.o
 .text.I2C_ManageACK
                0x0000000008001190       0x36 ./driver/Src/stm32f407xx_i2c_driver.o
                0x0000000008001190                I2C_ManageACK
 .text.I2C_PeripheralControl
                0x00000000080011c6       0x36 ./driver/Src/stm32f407xx_i2c_driver.o
                0x00000000080011c6                I2C_PeripheralControl
 .text.I2C_IRQConfig
                0x00000000080011fc      0x108 ./driver/Src/stm32f407xx_i2c_driver.o
                0x00000000080011fc                I2C_IRQConfig
 .text.I2C_SlavePeripheralInterrupt
                0x0000000008001304       0x66 ./driver/Src/stm32f407xx_i2c_driver.o
                0x0000000008001304                I2C_SlavePeripheralInterrupt
 *fill*         0x000000000800136a        0x2 
 .text.__libc_init_array
                0x000000000800136c       0x48 c:/st/stm32cubeide_1.7.0/stm32cubeide/plugins/com.st.stm32cube.ide.mcu.externaltools.gnu-tools-for-stm32.9-2020-q2-update.win32_2.0.0.202105311346/tools/bin/../lib/gcc/arm-none-eabi/9.3.1/../../../../arm-none-eabi/lib/thumb/v7e-m/nofp\libc_nano.a(lib_a-init.o)
                0x000000000800136c                __libc_init_array
 *(.glue_7)
 .glue_7        0x00000000080013b4        0x0 linker stubs
 *(.glue_7t)
 .glue_7t       0x00000000080013b4        0x0 linker stubs
 *(.eh_frame)
 .eh_frame      0x00000000080013b4        0x0 c:/st/stm32cubeide_1.7.0/stm32cubeide/plugins/com.st.stm32cube.ide.mcu.externaltools.gnu-tools-for-stm32.9-2020-q2-update.win32_2.0.0.202105311346/tools/bin/../lib/gcc/arm-none-eabi/9.3.1/thumb/v7e-m/nofp/crtbegin.o
 *(.init)
 .init          0x00000000080013b4        0x4 c:/st/stm32cubeide_1.7.0/stm32cubeide/plugins/com.st.stm32cube.ide.mcu.externaltools.gnu-tools-for-stm32.9-2020-q2-update.win32_2.0.0.202105311346/tools/bin/../lib/gcc/arm-none-eabi/9.3.1/thumb/v7e-m/nofp/crti.o
                0x00000000080013b4                _init
 .init          0x00000000080013b8        0x8 c:/st/stm32cubeide_1.7.0/stm32cubeide/plugins/com.st.stm32cube.ide.mcu.externaltools.gnu-tools-for-stm32.9-2020-q2-update.win32_2.0.0.202105311346/tools/bin/../lib/gcc/arm-none-eabi/9.3.1/thumb/v7e-m/nofp/crtn.o
 *(.fini)
 .fini          0x00000000080013c0        0x4 c:/st/stm32cubeide_1.7.0/stm32cubeide/plugins/com.st.stm32cube.ide.mcu.externaltools.gnu-tools-for-stm32.9-2020-q2-update.win32_2.0.0.202105311346/tools/bin/../lib/gcc/arm-none-eabi/9.3.1/thumb/v7e-m/nofp/crti.o
                0x00000000080013c0                _fini
 .fini          0x00000000080013c4        0x8 c:/st/stm32cubeide_1.7.0/stm32cubeide/plugins/com.st.stm32cube.ide.mcu.externaltools.gnu-tools-for-stm32.9-2020-q2-update.win32_2.0.0.202105311346/tools/bin/../lib/gcc/arm-none-eabi/9.3.1/thumb/v7e-m/nofp/crtn.o
                0x00000000080013cc                . = ALIGN (0x4)
                0x00000000080013cc                _etext = .

.vfp11_veneer   0x00000000080013cc        0x0
 .vfp11_veneer  0x00000000080013cc        0x0 linker stubs

.v4_bx          0x00000000080013cc        0x0
 .v4_bx         0x00000000080013cc        0x0 linker stubs

.iplt           0x00000000080013cc        0x0
 .iplt          0x00000000080013cc        0x0 c:/st/stm32cubeide_1.7.0/stm32cubeide/plugins/com.st.stm32cube.ide.mcu.externaltools.gnu-tools-for-stm32.9-2020-q2-update.win32_2.0.0.202105311346/tools/bin/../lib/gcc/arm-none-eabi/9.3.1/thumb/v7e-m/nofp/crtbegin.o

.rodata         0x00000000080013cc       0x18
                0x00000000080013cc                . = ALIGN (0x4)
 *(.rodata)
 .rodata        0x00000000080013cc       0x18 ./driver/Src/stm32f407xx_i2c_driver.o
 *(.rodata*)
                0x00000000080013e4                . = ALIGN (0x4)

.rel.dyn        0x00000000080013e4        0x0
 .rel.iplt      0x00000000080013e4        0x0 c:/st/stm32cubeide_1.7.0/stm32cubeide/plugins/com.st.stm32cube.ide.mcu.externaltools.gnu-tools-for-stm32.9-2020-q2-update.win32_2.0.0.202105311346/tools/bin/../lib/gcc/arm-none-eabi/9.3.1/thumb/v7e-m/nofp/crtbegin.o

.ARM.extab      0x00000000080013e4        0x0
                0x00000000080013e4                . = ALIGN (0x4)
 *(.ARM.extab* .gnu.linkonce.armextab.*)
                0x00000000080013e4                . = ALIGN (0x4)

.ARM            0x00000000080013e4        0x0
                0x00000000080013e4                . = ALIGN (0x4)
                0x00000000080013e4                __exidx_start = .
 *(.ARM.exidx*)
                0x00000000080013e4                __exidx_end = .
                0x00000000080013e4                . = ALIGN (0x4)

.preinit_array  0x00000000080013e4        0x0
                0x00000000080013e4                . = ALIGN (0x4)
                0x00000000080013e4                PROVIDE (__preinit_array_start = .)
 *(.preinit_array*)
                0x00000000080013e4                PROVIDE (__preinit_array_end = .)
                0x00000000080013e4                . = ALIGN (0x4)

.init_array     0x00000000080013e4        0x4
                0x00000000080013e4                . = ALIGN (0x4)
                0x00000000080013e4                PROVIDE (__init_array_start = .)
 *(SORT_BY_NAME(.init_array.*))
 *(.init_array*)
 .init_array    0x00000000080013e4        0x4 c:/st/stm32cubeide_1.7.0/stm32cubeide/plugins/com.st.stm32cube.ide.mcu.externaltools.gnu-tools-for-stm32.9-2020-q2-update.win32_2.0.0.202105311346/tools/bin/../lib/gcc/arm-none-eabi/9.3.1/thumb/v7e-m/nofp/crtbegin.o
                0x00000000080013e8                PROVIDE (__init_array_end = .)
                0x00000000080013e8                . = ALIGN (0x4)

.fini_array     0x00000000080013e8        0x4
                0x00000000080013e8                . = ALIGN (0x4)
                [!provide]                        PROVIDE (__fini_array_start = .)
 *(SORT_BY_NAME(.fini_array.*))
 *(.fini_array*)
 .fini_array    0x00000000080013e8        0x4 c:/st/stm32cubeide_1.7.0/stm32cubeide/plugins/com.st.stm32cube.ide.mcu.externaltools.gnu-tools-for-stm32.9-2020-q2-update.win32_2.0.0.202105311346/tools/bin/../lib/gcc/arm-none-eabi/9.3.1/thumb/v7e-m/nofp/crtbegin.o
                [!provide]                        PROVIDE (__fini_array_end = .)
                0x00000000080013ec                . = ALIGN (0x4)
                0x00000000080013ec                _sidata = LOADADDR (.data)

.data           0x0000000020000000       0x18 load address 0x00000000080013ec
                0x0000000020000000                . = ALIGN (0x4)
                0x0000000020000000                _sdata = .
 *(.data)
 *(.data*)
 .data.AHB_Prescalar
                0x0000000020000000       0x12 ./driver/Src/stm32f407xx_i2c_driver.o
                0x0000000020000000                AHB_Prescalar
 *fill*         0x0000000020000012        0x2 
 .data.APB1_Prescalar
                0x0000000020000014        0x4 ./driver/Src/stm32f407xx_i2c_driver.o
                0x0000000020000014                APB1_Prescalar
 *(.RamFunc)
 *(.RamFunc*)
                0x0000000020000018                . = ALIGN (0x4)
                0x0000000020000018                _edata = .
                0x0000000008001404                _siccmram = LOADADDR (.ccmram)

.igot.plt       0x0000000020000018        0x0 load address 0x0000000008001404
 .igot.plt      0x0000000020000018        0x0 c:/st/stm32cubeide_1.7.0/stm32cubeide/plugins/com.st.stm32cube.ide.mcu.externaltools.gnu-tools-for-stm32.9-2020-q2-update.win32_2.0.0.202105311346/tools/bin/../lib/gcc/arm-none-eabi/9.3.1/thumb/v7e-m/nofp/crtbegin.o

.ccmram         0x0000000010000000        0x0 load address 0x0000000008001404
                0x0000000010000000                . = ALIGN (0x4)
                0x0000000010000000                _sccmram = .
 *(.ccmram)
 *(.ccmram*)
                0x0000000010000000                . = ALIGN (0x4)
                0x0000000010000000                _eccmram = .
                0x0000000010000000                . = ALIGN (0x4)

.bss            0x0000000020000018       0x48
                0x0000000020000018                _sbss = .
                0x0000000020000018                __bss_start__ = _sbss
 *(.bss)
 .bss           0x0000000020000018       0x1c c:/st/stm32cubeide_1.7.0/stm32cubeide/plugins/com.st.stm32cube.ide.mcu.externaltools.gnu-tools-for-stm32.9-2020-q2-update.win32_2.0.0.202105311346/tools/bin/../lib/gcc/arm-none-eabi/9.3.1/thumb/v7e-m/nofp/crtbegin.o
 *(.bss*)
 .bss.command_code.5863
                0x0000000020000034        0x1 ./driver/Src/stm32f407xx_i2c_driver.o
 .bss.cnt.5864  0x0000000020000035        0x1 ./driver/Src/stm32f407xx_i2c_driver.o
 *(COMMON)
 *fill*         0x0000000020000036        0x2 
 COMMON         0x0000000020000038       0x28 ./Src/011_I2C_SlaveTxstring.o
                0x0000000020000038                I2C_Config
                0x0000000020000060                . = ALIGN (0x4)
                0x0000000020000060                _ebss = .
                0x0000000020000060                __bss_end__ = _ebss

._user_heap_stack
                0x0000000020000060      0x600
                0x0000000020000060                . = ALIGN (0x8)
                0x0000000020000060                PROVIDE (end = .)
                0x0000000020000060                PROVIDE (_end = .)
                0x0000000020000260                . = (. + _Min_Heap_Size)
 *fill*         0x0000000020000060      0x200 
                0x0000000020000660                . = (. + _Min_Stack_Size)
 *fill*         0x0000000020000260      0x400 
                0x0000000020000660                . = ALIGN (0x8)

/DISCARD/
 libc.a(*)
 libm.a(*)
 libgcc.a(*)

.ARM.attributes
                0x0000000000000000       0x2a
 *(.ARM.attributes)
 .ARM.attributes
                0x0000000000000000       0x1e c:/st/stm32cubeide_1.7.0/stm32cubeide/plugins/com.st.stm32cube.ide.mcu.externaltools.gnu-tools-for-stm32.9-2020-q2-update.win32_2.0.0.202105311346/tools/bin/../lib/gcc/arm-none-eabi/9.3.1/thumb/v7e-m/nofp/crti.o
 .ARM.attributes
                0x000000000000001e       0x2e c:/st/stm32cubeide_1.7.0/stm32cubeide/plugins/com.st.stm32cube.ide.mcu.externaltools.gnu-tools-for-stm32.9-2020-q2-update.win32_2.0.0.202105311346/tools/bin/../lib/gcc/arm-none-eabi/9.3.1/thumb/v7e-m/nofp/crtbegin.o
 .ARM.attributes
                0x000000000000004c       0x2e ./Src/011_I2C_SlaveTxstring.o
 .ARM.attributes
                0x000000000000007a       0x21 ./Startup/startup_stm32f407vgtx.o
 .ARM.attributes
                0x000000000000009b       0x2e ./driver/Src/stm32f407xx_gpio_driver.o
 .ARM.attributes
                0x00000000000000c9       0x2e ./driver/Src/stm32f407xx_i2c_driver.o
 .ARM.attributes
                0x00000000000000f7       0x2e c:/st/stm32cubeide_1.7.0/stm32cubeide/plugins/com.st.stm32cube.ide.mcu.externaltools.gnu-tools-for-stm32.9-2020-q2-update.win32_2.0.0.202105311346/tools/bin/../lib/gcc/arm-none-eabi/9.3.1/../../../../arm-none-eabi/lib/thumb/v7e-m/nofp\libc_nano.a(lib_a-init.o)
 .ARM.attributes
                0x0000000000000125       0x17 c:/st/stm32cubeide_1.7.0/stm32cubeide/plugins/com.st.stm32cube.ide.mcu.externaltools.gnu-tools-for-stm32.9-2020-q2-update.win32_2.0.0.202105311346/tools/bin/../lib/gcc/arm-none-eabi/9.3.1/../../../../arm-none-eabi/lib/thumb/v7e-m/nofp\libc_nano.a(lib_a-strlen.o)
 .ARM.attributes
                0x000000000000013c       0x1e c:/st/stm32cubeide_1.7.0/stm32cubeide/plugins/com.st.stm32cube.ide.mcu.externaltools.gnu-tools-for-stm32.9-2020-q2-update.win32_2.0.0.202105311346/tools/bin/../lib/gcc/arm-none-eabi/9.3.1/thumb/v7e-m/nofp/crtn.o
OUTPUT(stm32f4xx_driver.elf elf32-littlearm)
LOAD linker stubs
LOAD c:/st/stm32cubeide_1.7.0/stm32cubeide/plugins/com.st.stm32cube.ide.mcu.externaltools.gnu-tools-for-stm32.9-2020-q2-update.win32_2.0.0.202105311346/tools/bin/../lib/gcc/arm-none-eabi/9.3.1/../../../../arm-none-eabi/lib/thumb/v7e-m/nofp\libc.a
LOAD c:/st/stm32cubeide_1.7.0/stm32cubeide/plugins/com.st.stm32cube.ide.mcu.externaltools.gnu-tools-for-stm32.9-2020-q2-update.win32_2.0.0.202105311346/tools/bin/../lib/gcc/arm-none-eabi/9.3.1/../../../../arm-none-eabi/lib/thumb/v7e-m/nofp\libm.a
LOAD c:/st/stm32cubeide_1.7.0/stm32cubeide/plugins/com.st.stm32cube.ide.mcu.externaltools.gnu-tools-for-stm32.9-2020-q2-update.win32_2.0.0.202105311346/tools/bin/../lib/gcc/arm-none-eabi/9.3.1/thumb/v7e-m/nofp\libgcc.a

.debug_info     0x0000000000000000     0x320a
 .debug_info    0x0000000000000000      0xcfe ./Src/011_I2C_SlaveTxstring.o
 .debug_info    0x0000000000000cfe       0x22 ./Startup/startup_stm32f407vgtx.o
 .debug_info    0x0000000000000d20      0xff0 ./driver/Src/stm32f407xx_gpio_driver.o
 .debug_info    0x0000000000001d10     0x14fa ./driver/Src/stm32f407xx_i2c_driver.o

.debug_abbrev   0x0000000000000000      0x7f1
 .debug_abbrev  0x0000000000000000      0x227 ./Src/011_I2C_SlaveTxstring.o
 .debug_abbrev  0x0000000000000227       0x12 ./Startup/startup_stm32f407vgtx.o
 .debug_abbrev  0x0000000000000239      0x274 ./driver/Src/stm32f407xx_gpio_driver.o
 .debug_abbrev  0x00000000000004ad      0x344 ./driver/Src/stm32f407xx_i2c_driver.o

.debug_aranges  0x0000000000000000      0x1e8
 .debug_aranges
                0x0000000000000000       0x50 ./Src/011_I2C_SlaveTxstring.o
 .debug_aranges
                0x0000000000000050       0x28 ./Startup/startup_stm32f407vgtx.o
 .debug_aranges
                0x0000000000000078       0x70 ./driver/Src/stm32f407xx_gpio_driver.o
 .debug_aranges
                0x00000000000000e8      0x100 ./driver/Src/stm32f407xx_i2c_driver.o

.debug_ranges   0x0000000000000000      0x1b0
 .debug_ranges  0x0000000000000000       0x40 ./Src/011_I2C_SlaveTxstring.o
 .debug_ranges  0x0000000000000040       0x20 ./Startup/startup_stm32f407vgtx.o
 .debug_ranges  0x0000000000000060       0x60 ./driver/Src/stm32f407xx_gpio_driver.o
 .debug_ranges  0x00000000000000c0       0xf0 ./driver/Src/stm32f407xx_i2c_driver.o

.debug_macro    0x0000000000000000     0x2b1c
 .debug_macro   0x0000000000000000      0x256 ./Src/011_I2C_SlaveTxstring.o
 .debug_macro   0x0000000000000256      0xaa8 ./Src/011_I2C_SlaveTxstring.o
 .debug_macro   0x0000000000000cfe       0x22 ./Src/011_I2C_SlaveTxstring.o
 .debug_macro   0x0000000000000d20       0x8e ./Src/011_I2C_SlaveTxstring.o
 .debug_macro   0x0000000000000dae       0x51 ./Src/011_I2C_SlaveTxstring.o
 .debug_macro   0x0000000000000dff      0x103 ./Src/011_I2C_SlaveTxstring.o
 .debug_macro   0x0000000000000f02       0x6a ./Src/011_I2C_SlaveTxstring.o
 .debug_macro   0x0000000000000f6c      0x1df ./Src/011_I2C_SlaveTxstring.o
 .debug_macro   0x000000000000114b      0x16d ./Src/011_I2C_SlaveTxstring.o
 .debug_macro   0x00000000000012b8       0x52 ./Src/011_I2C_SlaveTxstring.o
 .debug_macro   0x000000000000130a       0x18 ./Src/011_I2C_SlaveTxstring.o
 .debug_macro   0x0000000000001322       0x3c ./Src/011_I2C_SlaveTxstring.o
 .debug_macro   0x000000000000135e       0x34 ./Src/011_I2C_SlaveTxstring.o
 .debug_macro   0x0000000000001392       0x16 ./Src/011_I2C_SlaveTxstring.o
 .debug_macro   0x00000000000013a8       0x43 ./Src/011_I2C_SlaveTxstring.o
 .debug_macro   0x00000000000013eb       0x34 ./Src/011_I2C_SlaveTxstring.o
 .debug_macro   0x000000000000141f       0x10 ./Src/011_I2C_SlaveTxstring.o
 .debug_macro   0x000000000000142f       0x58 ./Src/011_I2C_SlaveTxstring.o
 .debug_macro   0x0000000000001487       0x71 ./Src/011_I2C_SlaveTxstring.o
 .debug_macro   0x00000000000014f8       0x16 ./Src/011_I2C_SlaveTxstring.o
 .debug_macro   0x000000000000150e      0x12a ./Src/011_I2C_SlaveTxstring.o
 .debug_macro   0x0000000000001638      0x35c ./Src/011_I2C_SlaveTxstring.o
 .debug_macro   0x0000000000001994       0x10 ./Src/011_I2C_SlaveTxstring.o
 .debug_macro   0x00000000000019a4       0x35 ./Src/011_I2C_SlaveTxstring.o
 .debug_macro   0x00000000000019d9       0x20 ./Src/011_I2C_SlaveTxstring.o
 .debug_macro   0x00000000000019f9       0x1c ./Src/011_I2C_SlaveTxstring.o
 .debug_macro   0x0000000000001a15       0x10 ./Src/011_I2C_SlaveTxstring.o
 .debug_macro   0x0000000000001a25       0x10 ./Src/011_I2C_SlaveTxstring.o
 .debug_macro   0x0000000000001a35       0x1c ./Src/011_I2C_SlaveTxstring.o
 .debug_macro   0x0000000000001a51       0x52 ./Src/011_I2C_SlaveTxstring.o
 .debug_macro   0x0000000000001aa3       0x22 ./Src/011_I2C_SlaveTxstring.o
 .debug_macro   0x0000000000001ac5       0x10 ./Src/011_I2C_SlaveTxstring.o
 .debug_macro   0x0000000000001ad5       0x40 ./Src/011_I2C_SlaveTxstring.o
 .debug_macro   0x0000000000001b15       0xd5 ./Src/011_I2C_SlaveTxstring.o
 .debug_macro   0x0000000000001bea       0x1c ./Src/011_I2C_SlaveTxstring.o
 .debug_macro   0x0000000000001c06       0x3d ./Src/011_I2C_SlaveTxstring.o
 .debug_macro   0x0000000000001c43       0x16 ./Src/011_I2C_SlaveTxstring.o
 .debug_macro   0x0000000000001c59      0x145 ./Src/011_I2C_SlaveTxstring.o
 .debug_macro   0x0000000000001d9e      0x5b3 ./Src/011_I2C_SlaveTxstring.o
 .debug_macro   0x0000000000002351      0x100 ./Src/011_I2C_SlaveTxstring.o
 .debug_macro   0x0000000000002451       0xc8 ./Src/011_I2C_SlaveTxstring.o
 .debug_macro   0x0000000000002519       0xd3 ./Src/011_I2C_SlaveTxstring.o
 .debug_macro   0x00000000000025ec      0x23c ./driver/Src/stm32f407xx_gpio_driver.o
 .debug_macro   0x0000000000002828       0xc2 ./driver/Src/stm32f407xx_gpio_driver.o
 .debug_macro   0x00000000000028ea      0x232 ./driver/Src/stm32f407xx_i2c_driver.o

.debug_line     0x0000000000000000     0x23db
 .debug_line    0x0000000000000000      0x744 ./Src/011_I2C_SlaveTxstring.o
 .debug_line    0x0000000000000744       0x84 ./Startup/startup_stm32f407vgtx.o
 .debug_line    0x00000000000007c8      0xb93 ./driver/Src/stm32f407xx_gpio_driver.o
 .debug_line    0x000000000000135b     0x1080 ./driver/Src/stm32f407xx_i2c_driver.o

.debug_str      0x0000000000000000     0xae28
 .debug_str     0x0000000000000000     0xa795 ./Src/011_I2C_SlaveTxstring.o
                                       0xaa18 (size before relaxing)
 .debug_str     0x000000000000a795       0x31 ./Startup/startup_stm32f407vgtx.o
                                         0x71 (size before relaxing)
 .debug_str     0x000000000000a7c6      0x29e ./driver/Src/stm32f407xx_gpio_driver.o
                                       0xaaff (size before relaxing)
 .debug_str     0x000000000000aa64      0x3c4 ./driver/Src/stm32f407xx_i2c_driver.o
                                       0xad5c (size before relaxing)

.comment        0x0000000000000000       0x53
 .comment       0x0000000000000000       0x53 ./Src/011_I2C_SlaveTxstring.o
                                         0x54 (size before relaxing)
 .comment       0x0000000000000053       0x54 ./driver/Src/stm32f407xx_gpio_driver.o
 .comment       0x0000000000000053       0x54 ./driver/Src/stm32f407xx_i2c_driver.o

.debug_frame    0x0000000000000000      0x748
 .debug_frame   0x0000000000000000       0xf0 ./Src/011_I2C_SlaveTxstring.o
 .debug_frame   0x00000000000000f0      0x1c8 ./driver/Src/stm32f407xx_gpio_driver.o
 .debug_frame   0x00000000000002b8      0x464 ./driver/Src/stm32f407xx_i2c_driver.o
 .debug_frame   0x000000000000071c       0x2c c:/st/stm32cubeide_1.7.0/stm32cubeide/plugins/com.st.stm32cube.ide.mcu.externaltools.gnu-tools-for-stm32.9-2020-q2-update.win32_2.0.0.202105311346/tools/bin/../lib/gcc/arm-none-eabi/9.3.1/../../../../arm-none-eabi/lib/thumb/v7e-m/nofp\libc_nano.a(lib_a-init.o)
