Archive member included to satisfy reference by file (symbol)

c:/st/stm32cubeide_1.7.0/stm32cubeide/plugins/com.st.stm32cube.ide.mcu.externaltools.gnu-tools-for-stm32.9-2020-q2-update.win32_2.0.0.202105311346/tools/bin/../lib/gcc/arm-none-eabi/9.3.1/../../../../arm-none-eabi/lib/thumb/v7e-m/nofp\libc_nano.a(lib_a-errno.o)
                              ./Src/syscalls.o (__errno)
c:/st/stm32cubeide_1.7.0/stm32cubeide/plugins/com.st.stm32cube.ide.mcu.externaltools.gnu-tools-for-stm32.9-2020-q2-update.win32_2.0.0.202105311346/tools/bin/../lib/gcc/arm-none-eabi/9.3.1/../../../../arm-none-eabi/lib/thumb/v7e-m/nofp\libc_nano.a(lib_a-exit.o)
                              c:/st/stm32cubeide_1.7.0/stm32cubeide/plugins/com.st.stm32cube.ide.mcu.externaltools.gnu-tools-for-stm32.9-2020-q2-update.win32_2.0.0.202105311346/tools/bin/../lib/gcc/arm-none-eabi/9.3.1/../../../../arm-none-eabi/lib/thumb/v7e-m/nofp/crt0.o (exit)
c:/st/stm32cubeide_1.7.0/stm32cubeide/plugins/com.st.stm32cube.ide.mcu.externaltools.gnu-tools-for-stm32.9-2020-q2-update.win32_2.0.0.202105311346/tools/bin/../lib/gcc/arm-none-eabi/9.3.1/../../../../arm-none-eabi/lib/thumb/v7e-m/nofp\libc_nano.a(lib_a-impure.o)
                              c:/st/stm32cubeide_1.7.0/stm32cubeide/plugins/com.st.stm32cube.ide.mcu.externaltools.gnu-tools-for-stm32.9-2020-q2-update.win32_2.0.0.202105311346/tools/bin/../lib/gcc/arm-none-eabi/9.3.1/../../../../arm-none-eabi/lib/thumb/v7e-m/nofp\libc_nano.a(lib_a-exit.o) (_global_impure_ptr)
c:/st/stm32cubeide_1.7.0/stm32cubeide/plugins/com.st.stm32cube.ide.mcu.externaltools.gnu-tools-for-stm32.9-2020-q2-update.win32_2.0.0.202105311346/tools/bin/../lib/gcc/arm-none-eabi/9.3.1/../../../../arm-none-eabi/lib/thumb/v7e-m/nofp\libc_nano.a(lib_a-init.o)
                              c:/st/stm32cubeide_1.7.0/stm32cubeide/plugins/com.st.stm32cube.ide.mcu.externaltools.gnu-tools-for-stm32.9-2020-q2-update.win32_2.0.0.202105311346/tools/bin/../lib/gcc/arm-none-eabi/9.3.1/../../../../arm-none-eabi/lib/thumb/v7e-m/nofp/crt0.o (__libc_init_array)
c:/st/stm32cubeide_1.7.0/stm32cubeide/plugins/com.st.stm32cube.ide.mcu.externaltools.gnu-tools-for-stm32.9-2020-q2-update.win32_2.0.0.202105311346/tools/bin/../lib/gcc/arm-none-eabi/9.3.1/../../../../arm-none-eabi/lib/thumb/v7e-m/nofp\libc_nano.a(lib_a-memset.o)
                              c:/st/stm32cubeide_1.7.0/stm32cubeide/plugins/com.st.stm32cube.ide.mcu.externaltools.gnu-tools-for-stm32.9-2020-q2-update.win32_2.0.0.202105311346/tools/bin/../lib/gcc/arm-none-eabi/9.3.1/../../../../arm-none-eabi/lib/thumb/v7e-m/nofp/crt0.o (memset)
c:/st/stm32cubeide_1.7.0/stm32cubeide/plugins/com.st.stm32cube.ide.mcu.externaltools.gnu-tools-for-stm32.9-2020-q2-update.win32_2.0.0.202105311346/tools/bin/../lib/gcc/arm-none-eabi/9.3.1/../../../../arm-none-eabi/lib/thumb/v7e-m/nofp\libc_nano.a(lib_a-strcpy.o)
                              ./Src/007_spi_cmd_request_response_IT.o (strcpy)

Discarded input sections

 .text          0x0000000000000000        0x0 c:/st/stm32cubeide_1.7.0/stm32cubeide/plugins/com.st.stm32cube.ide.mcu.externaltools.gnu-tools-for-stm32.9-2020-q2-update.win32_2.0.0.202105311346/tools/bin/../lib/gcc/arm-none-eabi/9.3.1/thumb/v7e-m/nofp/crti.o
 .data          0x0000000000000000        0x0 c:/st/stm32cubeide_1.7.0/stm32cubeide/plugins/com.st.stm32cube.ide.mcu.externaltools.gnu-tools-for-stm32.9-2020-q2-update.win32_2.0.0.202105311346/tools/bin/../lib/gcc/arm-none-eabi/9.3.1/thumb/v7e-m/nofp/crti.o
 .bss           0x0000000000000000        0x0 c:/st/stm32cubeide_1.7.0/stm32cubeide/plugins/com.st.stm32cube.ide.mcu.externaltools.gnu-tools-for-stm32.9-2020-q2-update.win32_2.0.0.202105311346/tools/bin/../lib/gcc/arm-none-eabi/9.3.1/thumb/v7e-m/nofp/crti.o
 .data          0x0000000000000000        0x4 c:/st/stm32cubeide_1.7.0/stm32cubeide/plugins/com.st.stm32cube.ide.mcu.externaltools.gnu-tools-for-stm32.9-2020-q2-update.win32_2.0.0.202105311346/tools/bin/../lib/gcc/arm-none-eabi/9.3.1/thumb/v7e-m/nofp/crtbegin.o
 .text          0x0000000000000000       0x7c c:/st/stm32cubeide_1.7.0/stm32cubeide/plugins/com.st.stm32cube.ide.mcu.externaltools.gnu-tools-for-stm32.9-2020-q2-update.win32_2.0.0.202105311346/tools/bin/../lib/gcc/arm-none-eabi/9.3.1/../../../../arm-none-eabi/lib/thumb/v7e-m/nofp/crt0.o
 .data          0x0000000000000000        0x0 c:/st/stm32cubeide_1.7.0/stm32cubeide/plugins/com.st.stm32cube.ide.mcu.externaltools.gnu-tools-for-stm32.9-2020-q2-update.win32_2.0.0.202105311346/tools/bin/../lib/gcc/arm-none-eabi/9.3.1/../../../../arm-none-eabi/lib/thumb/v7e-m/nofp/crt0.o
 .bss           0x0000000000000000        0x0 c:/st/stm32cubeide_1.7.0/stm32cubeide/plugins/com.st.stm32cube.ide.mcu.externaltools.gnu-tools-for-stm32.9-2020-q2-update.win32_2.0.0.202105311346/tools/bin/../lib/gcc/arm-none-eabi/9.3.1/../../../../arm-none-eabi/lib/thumb/v7e-m/nofp/crt0.o
 .ARM.extab     0x0000000000000000        0x0 c:/st/stm32cubeide_1.7.0/stm32cubeide/plugins/com.st.stm32cube.ide.mcu.externaltools.gnu-tools-for-stm32.9-2020-q2-update.win32_2.0.0.202105311346/tools/bin/../lib/gcc/arm-none-eabi/9.3.1/../../../../arm-none-eabi/lib/thumb/v7e-m/nofp/crt0.o
 .ARM.exidx     0x0000000000000000       0x10 c:/st/stm32cubeide_1.7.0/stm32cubeide/plugins/com.st.stm32cube.ide.mcu.externaltools.gnu-tools-for-stm32.9-2020-q2-update.win32_2.0.0.202105311346/tools/bin/../lib/gcc/arm-none-eabi/9.3.1/../../../../arm-none-eabi/lib/thumb/v7e-m/nofp/crt0.o
 .ARM.attributes
                0x0000000000000000       0x1c c:/st/stm32cubeide_1.7.0/stm32cubeide/plugins/com.st.stm32cube.ide.mcu.externaltools.gnu-tools-for-stm32.9-2020-q2-update.win32_2.0.0.202105311346/tools/bin/../lib/gcc/arm-none-eabi/9.3.1/../../../../arm-none-eabi/lib/thumb/v7e-m/nofp/crt0.o
 .group         0x0000000000000000        0xc ./Src/007_spi_cmd_request_response_IT.o
 .group         0x0000000000000000        0xc ./Src/007_spi_cmd_request_response_IT.o
 .group         0x0000000000000000        0xc ./Src/007_spi_cmd_request_response_IT.o
 .group         0x0000000000000000        0xc ./Src/007_spi_cmd_request_response_IT.o
 .group         0x0000000000000000        0xc ./Src/007_spi_cmd_request_response_IT.o
 .group         0x0000000000000000        0xc ./Src/007_spi_cmd_request_response_IT.o
 .group         0x0000000000000000        0xc ./Src/007_spi_cmd_request_response_IT.o
 .group         0x0000000000000000        0xc ./Src/007_spi_cmd_request_response_IT.o
 .group         0x0000000000000000        0xc ./Src/007_spi_cmd_request_response_IT.o
 .group         0x0000000000000000        0xc ./Src/007_spi_cmd_request_response_IT.o
 .group         0x0000000000000000        0xc ./Src/007_spi_cmd_request_response_IT.o
 .group         0x0000000000000000        0xc ./Src/007_spi_cmd_request_response_IT.o
 .group         0x0000000000000000        0xc ./Src/007_spi_cmd_request_response_IT.o
 .group         0x0000000000000000        0xc ./Src/007_spi_cmd_request_response_IT.o
 .group         0x0000000000000000        0xc ./Src/007_spi_cmd_request_response_IT.o
 .group         0x0000000000000000        0xc ./Src/007_spi_cmd_request_response_IT.o
 .group         0x0000000000000000        0xc ./Src/007_spi_cmd_request_response_IT.o
 .group         0x0000000000000000        0xc ./Src/007_spi_cmd_request_response_IT.o
 .group         0x0000000000000000        0xc ./Src/007_spi_cmd_request_response_IT.o
 .group         0x0000000000000000        0xc ./Src/007_spi_cmd_request_response_IT.o
 .group         0x0000000000000000        0xc ./Src/007_spi_cmd_request_response_IT.o
 .group         0x0000000000000000        0xc ./Src/007_spi_cmd_request_response_IT.o
 .group         0x0000000000000000        0xc ./Src/007_spi_cmd_request_response_IT.o
 .group         0x0000000000000000        0xc ./Src/007_spi_cmd_request_response_IT.o
 .group         0x0000000000000000        0xc ./Src/007_spi_cmd_request_response_IT.o
 .group         0x0000000000000000        0xc ./Src/007_spi_cmd_request_response_IT.o
 .group         0x0000000000000000        0xc ./Src/007_spi_cmd_request_response_IT.o
 .text          0x0000000000000000        0x0 ./Src/007_spi_cmd_request_response_IT.o
 .data          0x0000000000000000        0x0 ./Src/007_spi_cmd_request_response_IT.o
 .bss           0x0000000000000000        0x0 ./Src/007_spi_cmd_request_response_IT.o
 .group         0x0000000000000000        0xc ./Src/syscalls.o
 .group         0x0000000000000000        0xc ./Src/syscalls.o
 .group         0x0000000000000000        0xc ./Src/syscalls.o
 .group         0x0000000000000000        0xc ./Src/syscalls.o
 .group         0x0000000000000000        0xc ./Src/syscalls.o
 .group         0x0000000000000000        0xc ./Src/syscalls.o
 .group         0x0000000000000000        0xc ./Src/syscalls.o
 .group         0x0000000000000000        0xc ./Src/syscalls.o
 .group         0x0000000000000000        0xc ./Src/syscalls.o
 .group         0x0000000000000000        0xc ./Src/syscalls.o
 .group         0x0000000000000000        0xc ./Src/syscalls.o
 .group         0x0000000000000000        0xc ./Src/syscalls.o
 .group         0x0000000000000000        0xc ./Src/syscalls.o
 .group         0x0000000000000000        0xc ./Src/syscalls.o
 .group         0x0000000000000000        0xc ./Src/syscalls.o
 .group         0x0000000000000000        0xc ./Src/syscalls.o
 .group         0x0000000000000000        0xc ./Src/syscalls.o
 .group         0x0000000000000000        0xc ./Src/syscalls.o
 .group         0x0000000000000000        0xc ./Src/syscalls.o
 .group         0x0000000000000000        0xc ./Src/syscalls.o
 .group         0x0000000000000000        0xc ./Src/syscalls.o
 .group         0x0000000000000000        0xc ./Src/syscalls.o
 .group         0x0000000000000000        0xc ./Src/syscalls.o
 .group         0x0000000000000000        0xc ./Src/syscalls.o
 .group         0x0000000000000000        0xc ./Src/syscalls.o
 .group         0x0000000000000000        0xc ./Src/syscalls.o
 .group         0x0000000000000000        0xc ./Src/syscalls.o
 .group         0x0000000000000000        0xc ./Src/syscalls.o
 .group         0x0000000000000000        0xc ./Src/syscalls.o
 .group         0x0000000000000000        0xc ./Src/syscalls.o
 .group         0x0000000000000000        0xc ./Src/syscalls.o
 .group         0x0000000000000000        0xc ./Src/syscalls.o
 .group         0x0000000000000000        0xc ./Src/syscalls.o
 .group         0x0000000000000000        0xc ./Src/syscalls.o
 .group         0x0000000000000000        0xc ./Src/syscalls.o
 .group         0x0000000000000000        0xc ./Src/syscalls.o
 .group         0x0000000000000000        0xc ./Src/syscalls.o
 .group         0x0000000000000000        0xc ./Src/syscalls.o
 .group         0x0000000000000000        0xc ./Src/syscalls.o
 .group         0x0000000000000000        0xc ./Src/syscalls.o
 .group         0x0000000000000000        0xc ./Src/syscalls.o
 .group         0x0000000000000000        0xc ./Src/syscalls.o
 .group         0x0000000000000000        0xc ./Src/syscalls.o
 .group         0x0000000000000000        0xc ./Src/syscalls.o
 .group         0x0000000000000000        0xc ./Src/syscalls.o
 .group         0x0000000000000000        0xc ./Src/syscalls.o
 .group         0x0000000000000000        0xc ./Src/syscalls.o
 .text          0x0000000000000000        0x0 ./Src/syscalls.o
 .data          0x0000000000000000        0x0 ./Src/syscalls.o
 .bss           0x0000000000000000        0x0 ./Src/syscalls.o
 .bss.__env     0x0000000000000000        0x4 ./Src/syscalls.o
 .data.environ  0x0000000000000000        0x4 ./Src/syscalls.o
 .text.initialise_monitor_handles
                0x0000000000000000        0xc ./Src/syscalls.o
 .text._getpid  0x0000000000000000        0xe ./Src/syscalls.o
 .text._kill    0x0000000000000000       0x20 ./Src/syscalls.o
 .text._exit    0x0000000000000000       0x14 ./Src/syscalls.o
 .text._read    0x0000000000000000       0x3a ./Src/syscalls.o
 .text._write   0x0000000000000000       0x38 ./Src/syscalls.o
 .text._close   0x0000000000000000       0x16 ./Src/syscalls.o
 .text._fstat   0x0000000000000000       0x1e ./Src/syscalls.o
 .text._isatty  0x0000000000000000       0x14 ./Src/syscalls.o
 .text._lseek   0x0000000000000000       0x18 ./Src/syscalls.o
 .text._open    0x0000000000000000       0x1a ./Src/syscalls.o
 .text._wait    0x0000000000000000       0x1e ./Src/syscalls.o
 .text._unlink  0x0000000000000000       0x1e ./Src/syscalls.o
 .text._times   0x0000000000000000       0x16 ./Src/syscalls.o
 .text._stat    0x0000000000000000       0x1e ./Src/syscalls.o
 .text._link    0x0000000000000000       0x20 ./Src/syscalls.o
 .text._fork    0x0000000000000000       0x16 ./Src/syscalls.o
 .text._execve  0x0000000000000000       0x22 ./Src/syscalls.o
 .debug_info    0x0000000000000000      0xfa1 ./Src/syscalls.o
 .debug_abbrev  0x0000000000000000      0x286 ./Src/syscalls.o
 .debug_aranges
                0x0000000000000000       0xa8 ./Src/syscalls.o
 .debug_ranges  0x0000000000000000       0x98 ./Src/syscalls.o
 .debug_macro   0x0000000000000000      0x24c ./Src/syscalls.o
 .debug_macro   0x0000000000000000      0xaa8 ./Src/syscalls.o
 .debug_macro   0x0000000000000000       0x22 ./Src/syscalls.o
 .debug_macro   0x0000000000000000       0x4c ./Src/syscalls.o
 .debug_macro   0x0000000000000000       0x18 ./Src/syscalls.o
 .debug_macro   0x0000000000000000       0x94 ./Src/syscalls.o
 .debug_macro   0x0000000000000000       0x3c ./Src/syscalls.o
 .debug_macro   0x0000000000000000       0x34 ./Src/syscalls.o
 .debug_macro   0x0000000000000000       0x57 ./Src/syscalls.o
 .debug_macro   0x0000000000000000      0x16d ./Src/syscalls.o
 .debug_macro   0x0000000000000000      0x35c ./Src/syscalls.o
 .debug_macro   0x0000000000000000       0x16 ./Src/syscalls.o
 .debug_macro   0x0000000000000000       0x43 ./Src/syscalls.o
 .debug_macro   0x0000000000000000       0x34 ./Src/syscalls.o
 .debug_macro   0x0000000000000000       0x10 ./Src/syscalls.o
 .debug_macro   0x0000000000000000       0x58 ./Src/syscalls.o
 .debug_macro   0x0000000000000000       0x71 ./Src/syscalls.o
 .debug_macro   0x0000000000000000       0x16 ./Src/syscalls.o
 .debug_macro   0x0000000000000000      0x12a ./Src/syscalls.o
 .debug_macro   0x0000000000000000       0x10 ./Src/syscalls.o
 .debug_macro   0x0000000000000000       0x35 ./Src/syscalls.o
 .debug_macro   0x0000000000000000       0x10 ./Src/syscalls.o
 .debug_macro   0x0000000000000000       0x10 ./Src/syscalls.o
 .debug_macro   0x0000000000000000       0x10 ./Src/syscalls.o
 .debug_macro   0x0000000000000000       0x6a ./Src/syscalls.o
 .debug_macro   0x0000000000000000       0x1c ./Src/syscalls.o
 .debug_macro   0x0000000000000000       0x52 ./Src/syscalls.o
 .debug_macro   0x0000000000000000       0x22 ./Src/syscalls.o
 .debug_macro   0x0000000000000000       0x10 ./Src/syscalls.o
 .debug_macro   0x0000000000000000       0x40 ./Src/syscalls.o
 .debug_macro   0x0000000000000000       0xd5 ./Src/syscalls.o
 .debug_macro   0x0000000000000000       0x1c ./Src/syscalls.o
 .debug_macro   0x0000000000000000       0x3d ./Src/syscalls.o
 .debug_macro   0x0000000000000000       0x35 ./Src/syscalls.o
 .debug_macro   0x0000000000000000      0x12c ./Src/syscalls.o
 .debug_macro   0x0000000000000000       0x16 ./Src/syscalls.o
 .debug_macro   0x0000000000000000       0x16 ./Src/syscalls.o
 .debug_macro   0x0000000000000000       0x29 ./Src/syscalls.o
 .debug_macro   0x0000000000000000       0x10 ./Src/syscalls.o
 .debug_macro   0x0000000000000000      0x241 ./Src/syscalls.o
 .debug_macro   0x0000000000000000       0x1c ./Src/syscalls.o
 .debug_macro   0x0000000000000000       0x10 ./Src/syscalls.o
 .debug_macro   0x0000000000000000       0x10 ./Src/syscalls.o
 .debug_macro   0x0000000000000000       0x16 ./Src/syscalls.o
 .debug_macro   0x0000000000000000      0x145 ./Src/syscalls.o
 .debug_macro   0x0000000000000000      0x189 ./Src/syscalls.o
 .debug_macro   0x0000000000000000       0x16 ./Src/syscalls.o
 .debug_macro   0x0000000000000000       0xce ./Src/syscalls.o
 .debug_line    0x0000000000000000      0x7fd ./Src/syscalls.o
 .debug_str     0x0000000000000000     0x8f1d ./Src/syscalls.o
 .comment       0x0000000000000000       0x54 ./Src/syscalls.o
 .debug_frame   0x0000000000000000      0x2ac ./Src/syscalls.o
 .ARM.attributes
                0x0000000000000000       0x2e ./Src/syscalls.o
 .group         0x0000000000000000        0xc ./Src/sysmem.o
 .group         0x0000000000000000        0xc ./Src/sysmem.o
 .group         0x0000000000000000        0xc ./Src/sysmem.o
 .group         0x0000000000000000        0xc ./Src/sysmem.o
 .group         0x0000000000000000        0xc ./Src/sysmem.o
 .group         0x0000000000000000        0xc ./Src/sysmem.o
 .group         0x0000000000000000        0xc ./Src/sysmem.o
 .group         0x0000000000000000        0xc ./Src/sysmem.o
 .group         0x0000000000000000        0xc ./Src/sysmem.o
 .group         0x0000000000000000        0xc ./Src/sysmem.o
 .group         0x0000000000000000        0xc ./Src/sysmem.o
 .group         0x0000000000000000        0xc ./Src/sysmem.o
 .group         0x0000000000000000        0xc ./Src/sysmem.o
 .group         0x0000000000000000        0xc ./Src/sysmem.o
 .group         0x0000000000000000        0xc ./Src/sysmem.o
 .group         0x0000000000000000        0xc ./Src/sysmem.o
 .group         0x0000000000000000        0xc ./Src/sysmem.o
 .group         0x0000000000000000        0xc ./Src/sysmem.o
 .group         0x0000000000000000        0xc ./Src/sysmem.o
 .group         0x0000000000000000        0xc ./Src/sysmem.o
 .group         0x0000000000000000        0xc ./Src/sysmem.o
 .group         0x0000000000000000        0xc ./Src/sysmem.o
 .text          0x0000000000000000        0x0 ./Src/sysmem.o
 .data          0x0000000000000000        0x0 ./Src/sysmem.o
 .bss           0x0000000000000000        0x0 ./Src/sysmem.o
 .bss.__sbrk_heap_end
                0x0000000000000000        0x4 ./Src/sysmem.o
 .text._sbrk    0x0000000000000000       0x6c ./Src/sysmem.o
 .debug_info    0x0000000000000000      0xa1e ./Src/sysmem.o
 .debug_abbrev  0x0000000000000000      0x1bf ./Src/sysmem.o
 .debug_aranges
                0x0000000000000000       0x20 ./Src/sysmem.o
 .debug_ranges  0x0000000000000000       0x10 ./Src/sysmem.o
 .debug_macro   0x0000000000000000       0xff ./Src/sysmem.o
 .debug_macro   0x0000000000000000      0xaa8 ./Src/sysmem.o
 .debug_macro   0x0000000000000000       0x10 ./Src/sysmem.o
 .debug_macro   0x0000000000000000       0x22 ./Src/sysmem.o
 .debug_macro   0x0000000000000000       0x4c ./Src/sysmem.o
 .debug_macro   0x0000000000000000       0x18 ./Src/sysmem.o
 .debug_macro   0x0000000000000000       0x94 ./Src/sysmem.o
 .debug_macro   0x0000000000000000       0x3c ./Src/sysmem.o
 .debug_macro   0x0000000000000000       0x34 ./Src/sysmem.o
 .debug_macro   0x0000000000000000      0x16d ./Src/sysmem.o
 .debug_macro   0x0000000000000000       0x16 ./Src/sysmem.o
 .debug_macro   0x0000000000000000       0x43 ./Src/sysmem.o
 .debug_macro   0x0000000000000000       0x57 ./Src/sysmem.o
 .debug_macro   0x0000000000000000       0x34 ./Src/sysmem.o
 .debug_macro   0x0000000000000000       0x10 ./Src/sysmem.o
 .debug_macro   0x0000000000000000       0x58 ./Src/sysmem.o
 .debug_macro   0x0000000000000000       0x71 ./Src/sysmem.o
 .debug_macro   0x0000000000000000       0x16 ./Src/sysmem.o
 .debug_macro   0x0000000000000000      0x12a ./Src/sysmem.o
 .debug_macro   0x0000000000000000      0x23b ./Src/sysmem.o
 .debug_macro   0x0000000000000000      0x103 ./Src/sysmem.o
 .debug_macro   0x0000000000000000       0x6a ./Src/sysmem.o
 .debug_macro   0x0000000000000000      0x1df ./Src/sysmem.o
 .debug_line    0x0000000000000000      0x4f3 ./Src/sysmem.o
 .debug_str     0x0000000000000000     0x6240 ./Src/sysmem.o
 .comment       0x0000000000000000       0x54 ./Src/sysmem.o
 .debug_frame   0x0000000000000000       0x34 ./Src/sysmem.o
 .ARM.attributes
                0x0000000000000000       0x2e ./Src/sysmem.o
 .text          0x0000000000000000       0x14 ./Startup/startup_stm32f407vgtx.o
 .data          0x0000000000000000        0x0 ./Startup/startup_stm32f407vgtx.o
 .bss           0x0000000000000000        0x0 ./Startup/startup_stm32f407vgtx.o
 .group         0x0000000000000000        0xc ./driver/Src/stm32f407xx_gpio_driver.o
 .group         0x0000000000000000        0xc ./driver/Src/stm32f407xx_gpio_driver.o
 .group         0x0000000000000000        0xc ./driver/Src/stm32f407xx_gpio_driver.o
 .group         0x0000000000000000        0xc ./driver/Src/stm32f407xx_gpio_driver.o
 .group         0x0000000000000000        0xc ./driver/Src/stm32f407xx_gpio_driver.o
 .group         0x0000000000000000        0xc ./driver/Src/stm32f407xx_gpio_driver.o
 .group         0x0000000000000000        0xc ./driver/Src/stm32f407xx_gpio_driver.o
 .group         0x0000000000000000        0xc ./driver/Src/stm32f407xx_gpio_driver.o
 .group         0x0000000000000000        0xc ./driver/Src/stm32f407xx_gpio_driver.o
 .group         0x0000000000000000        0xc ./driver/Src/stm32f407xx_gpio_driver.o
 .group         0x0000000000000000        0xc ./driver/Src/stm32f407xx_gpio_driver.o
 .group         0x0000000000000000        0xc ./driver/Src/stm32f407xx_gpio_driver.o
 .group         0x0000000000000000        0xc ./driver/Src/stm32f407xx_gpio_driver.o
 .group         0x0000000000000000        0xc ./driver/Src/stm32f407xx_gpio_driver.o
 .group         0x0000000000000000        0xc ./driver/Src/stm32f407xx_gpio_driver.o
 .group         0x0000000000000000        0xc ./driver/Src/stm32f407xx_gpio_driver.o
 .group         0x0000000000000000        0xc ./driver/Src/stm32f407xx_gpio_driver.o
 .group         0x0000000000000000        0xc ./driver/Src/stm32f407xx_gpio_driver.o
 .group         0x0000000000000000        0xc ./driver/Src/stm32f407xx_gpio_driver.o
 .group         0x0000000000000000        0xc ./driver/Src/stm32f407xx_gpio_driver.o
 .group         0x0000000000000000        0xc ./driver/Src/stm32f407xx_gpio_driver.o
 .group         0x0000000000000000        0xc ./driver/Src/stm32f407xx_gpio_driver.o
 .group         0x0000000000000000        0xc ./driver/Src/stm32f407xx_gpio_driver.o
 .group         0x0000000000000000        0xc ./driver/Src/stm32f407xx_gpio_driver.o
 .group         0x0000000000000000        0xc ./driver/Src/stm32f407xx_gpio_driver.o
 .group         0x0000000000000000        0xc ./driver/Src/stm32f407xx_gpio_driver.o
 .group         0x0000000000000000        0xc ./driver/Src/stm32f407xx_gpio_driver.o
 .text          0x0000000000000000        0x0 ./driver/Src/stm32f407xx_gpio_driver.o
 .data          0x0000000000000000        0x0 ./driver/Src/stm32f407xx_gpio_driver.o
 .bss           0x0000000000000000        0x0 ./driver/Src/stm32f407xx_gpio_driver.o
 .text.GPIO_DeInit
                0x0000000000000000      0x16c ./driver/Src/stm32f407xx_gpio_driver.o
 .text.GPIO_ReadFromInputPort
                0x0000000000000000       0x18 ./driver/Src/stm32f407xx_gpio_driver.o
 .text.GPIO_WriteToOutputPin
                0x0000000000000000       0x48 ./driver/Src/stm32f407xx_gpio_driver.o
 .text.GPIO_WriteToOutputPort
                0x0000000000000000       0x1c ./driver/Src/stm32f407xx_gpio_driver.o
 .text.GPIO_PinToggle
                0x0000000000000000       0x28 ./driver/Src/stm32f407xx_gpio_driver.o
 .text.GPIO_IRQConfig
                0x0000000000000000      0x108 ./driver/Src/stm32f407xx_gpio_driver.o
 .text.GPIO_IRQ_PriorityConfig
                0x0000000000000000       0x4e ./driver/Src/stm32f407xx_gpio_driver.o
 .text.GPIO_IRQHandling
                0x0000000000000000       0x40 ./driver/Src/stm32f407xx_gpio_driver.o
 .debug_macro   0x0000000000000000      0xaa8 ./driver/Src/stm32f407xx_gpio_driver.o
 .debug_macro   0x0000000000000000       0x22 ./driver/Src/stm32f407xx_gpio_driver.o
 .debug_macro   0x0000000000000000       0x8e ./driver/Src/stm32f407xx_gpio_driver.o
 .debug_macro   0x0000000000000000       0x51 ./driver/Src/stm32f407xx_gpio_driver.o
 .debug_macro   0x0000000000000000      0x103 ./driver/Src/stm32f407xx_gpio_driver.o
 .debug_macro   0x0000000000000000       0x6a ./driver/Src/stm32f407xx_gpio_driver.o
 .debug_macro   0x0000000000000000      0x1df ./driver/Src/stm32f407xx_gpio_driver.o
 .debug_macro   0x0000000000000000      0x16d ./driver/Src/stm32f407xx_gpio_driver.o
 .debug_macro   0x0000000000000000       0x52 ./driver/Src/stm32f407xx_gpio_driver.o
 .debug_macro   0x0000000000000000       0x18 ./driver/Src/stm32f407xx_gpio_driver.o
 .debug_macro   0x0000000000000000       0x3c ./driver/Src/stm32f407xx_gpio_driver.o
 .debug_macro   0x0000000000000000       0x34 ./driver/Src/stm32f407xx_gpio_driver.o
 .debug_macro   0x0000000000000000       0x16 ./driver/Src/stm32f407xx_gpio_driver.o
 .debug_macro   0x0000000000000000       0x43 ./driver/Src/stm32f407xx_gpio_driver.o
 .debug_macro   0x0000000000000000       0x34 ./driver/Src/stm32f407xx_gpio_driver.o
 .debug_macro   0x0000000000000000       0x10 ./driver/Src/stm32f407xx_gpio_driver.o
 .debug_macro   0x0000000000000000       0x58 ./driver/Src/stm32f407xx_gpio_driver.o
 .debug_macro   0x0000000000000000       0x71 ./driver/Src/stm32f407xx_gpio_driver.o
 .debug_macro   0x0000000000000000       0x16 ./driver/Src/stm32f407xx_gpio_driver.o
 .debug_macro   0x0000000000000000      0x12a ./driver/Src/stm32f407xx_gpio_driver.o
 .debug_macro   0x0000000000000000      0x35c ./driver/Src/stm32f407xx_gpio_driver.o
 .debug_macro   0x0000000000000000       0x10 ./driver/Src/stm32f407xx_gpio_driver.o
 .debug_macro   0x0000000000000000       0x35 ./driver/Src/stm32f407xx_gpio_driver.o
 .debug_macro   0x0000000000000000       0x20 ./driver/Src/stm32f407xx_gpio_driver.o
 .debug_macro   0x0000000000000000      0x462 ./driver/Src/stm32f407xx_gpio_driver.o
 .debug_macro   0x0000000000000000      0x100 ./driver/Src/stm32f407xx_gpio_driver.o
 .group         0x0000000000000000        0xc ./driver/Src/stm32f407xx_spi_driver.o
 .group         0x0000000000000000        0xc ./driver/Src/stm32f407xx_spi_driver.o
 .group         0x0000000000000000        0xc ./driver/Src/stm32f407xx_spi_driver.o
 .group         0x0000000000000000        0xc ./driver/Src/stm32f407xx_spi_driver.o
 .group         0x0000000000000000        0xc ./driver/Src/stm32f407xx_spi_driver.o
 .group         0x0000000000000000        0xc ./driver/Src/stm32f407xx_spi_driver.o
 .group         0x0000000000000000        0xc ./driver/Src/stm32f407xx_spi_driver.o
 .group         0x0000000000000000        0xc ./driver/Src/stm32f407xx_spi_driver.o
 .group         0x0000000000000000        0xc ./driver/Src/stm32f407xx_spi_driver.o
 .group         0x0000000000000000        0xc ./driver/Src/stm32f407xx_spi_driver.o
 .group         0x0000000000000000        0xc ./driver/Src/stm32f407xx_spi_driver.o
 .group         0x0000000000000000        0xc ./driver/Src/stm32f407xx_spi_driver.o
 .group         0x0000000000000000        0xc ./driver/Src/stm32f407xx_spi_driver.o
 .group         0x0000000000000000        0xc ./driver/Src/stm32f407xx_spi_driver.o
 .group         0x0000000000000000        0xc ./driver/Src/stm32f407xx_spi_driver.o
 .group         0x0000000000000000        0xc ./driver/Src/stm32f407xx_spi_driver.o
 .group         0x0000000000000000        0xc ./driver/Src/stm32f407xx_spi_driver.o
 .group         0x0000000000000000        0xc ./driver/Src/stm32f407xx_spi_driver.o
 .group         0x0000000000000000        0xc ./driver/Src/stm32f407xx_spi_driver.o
 .group         0x0000000000000000        0xc ./driver/Src/stm32f407xx_spi_driver.o
 .group         0x0000000000000000        0xc ./driver/Src/stm32f407xx_spi_driver.o
 .group         0x0000000000000000        0xc ./driver/Src/stm32f407xx_spi_driver.o
 .group         0x0000000000000000        0xc ./driver/Src/stm32f407xx_spi_driver.o
 .group         0x0000000000000000        0xc ./driver/Src/stm32f407xx_spi_driver.o
 .group         0x0000000000000000        0xc ./driver/Src/stm32f407xx_spi_driver.o
 .group         0x0000000000000000        0xc ./driver/Src/stm32f407xx_spi_driver.o
 .group         0x0000000000000000        0xc ./driver/Src/stm32f407xx_spi_driver.o
 .text          0x0000000000000000        0x0 ./driver/Src/stm32f407xx_spi_driver.o
 .data          0x0000000000000000        0x0 ./driver/Src/stm32f407xx_spi_driver.o
 .bss           0x0000000000000000        0x0 ./driver/Src/stm32f407xx_spi_driver.o
 .text.SPI_DeInit
                0x0000000000000000       0xac ./driver/Src/stm32f407xx_spi_driver.o
 .text.SPI_SendData
                0x0000000000000000       0x6e ./driver/Src/stm32f407xx_spi_driver.o
 .text.SPI_ReceiveData
                0x0000000000000000       0x6e ./driver/Src/stm32f407xx_spi_driver.o
 .text.SPI_SendandReceiveData
                0x0000000000000000       0xae ./driver/Src/stm32f407xx_spi_driver.o
 .text.SPI_SSIConfig
                0x0000000000000000       0x36 ./driver/Src/stm32f407xx_spi_driver.o
 .text.SPI_ClearOVRFlag
                0x0000000000000000       0x22 ./driver/Src/stm32f407xx_spi_driver.o
 .debug_macro   0x0000000000000000      0xaa8 ./driver/Src/stm32f407xx_spi_driver.o
 .debug_macro   0x0000000000000000       0x22 ./driver/Src/stm32f407xx_spi_driver.o
 .debug_macro   0x0000000000000000       0x8e ./driver/Src/stm32f407xx_spi_driver.o
 .debug_macro   0x0000000000000000       0x51 ./driver/Src/stm32f407xx_spi_driver.o
 .debug_macro   0x0000000000000000      0x103 ./driver/Src/stm32f407xx_spi_driver.o
 .debug_macro   0x0000000000000000       0x6a ./driver/Src/stm32f407xx_spi_driver.o
 .debug_macro   0x0000000000000000      0x1df ./driver/Src/stm32f407xx_spi_driver.o
 .debug_macro   0x0000000000000000      0x16d ./driver/Src/stm32f407xx_spi_driver.o
 .debug_macro   0x0000000000000000       0x52 ./driver/Src/stm32f407xx_spi_driver.o
 .debug_macro   0x0000000000000000       0x18 ./driver/Src/stm32f407xx_spi_driver.o
 .debug_macro   0x0000000000000000       0x3c ./driver/Src/stm32f407xx_spi_driver.o
 .debug_macro   0x0000000000000000       0x34 ./driver/Src/stm32f407xx_spi_driver.o
 .debug_macro   0x0000000000000000       0x16 ./driver/Src/stm32f407xx_spi_driver.o
 .debug_macro   0x0000000000000000       0x43 ./driver/Src/stm32f407xx_spi_driver.o
 .debug_macro   0x0000000000000000       0x34 ./driver/Src/stm32f407xx_spi_driver.o
 .debug_macro   0x0000000000000000       0x10 ./driver/Src/stm32f407xx_spi_driver.o
 .debug_macro   0x0000000000000000       0x58 ./driver/Src/stm32f407xx_spi_driver.o
 .debug_macro   0x0000000000000000       0x71 ./driver/Src/stm32f407xx_spi_driver.o
 .debug_macro   0x0000000000000000       0x16 ./driver/Src/stm32f407xx_spi_driver.o
 .debug_macro   0x0000000000000000      0x12a ./driver/Src/stm32f407xx_spi_driver.o
 .debug_macro   0x0000000000000000      0x35c ./driver/Src/stm32f407xx_spi_driver.o
 .debug_macro   0x0000000000000000       0x10 ./driver/Src/stm32f407xx_spi_driver.o
 .debug_macro   0x0000000000000000       0x35 ./driver/Src/stm32f407xx_spi_driver.o
 .debug_macro   0x0000000000000000       0x20 ./driver/Src/stm32f407xx_spi_driver.o
 .debug_macro   0x0000000000000000      0x462 ./driver/Src/stm32f407xx_spi_driver.o
 .debug_macro   0x0000000000000000      0x100 ./driver/Src/stm32f407xx_spi_driver.o
 .debug_macro   0x0000000000000000       0xc2 ./driver/Src/stm32f407xx_spi_driver.o
 .text          0x0000000000000000        0x0 c:/st/stm32cubeide_1.7.0/stm32cubeide/plugins/com.st.stm32cube.ide.mcu.externaltools.gnu-tools-for-stm32.9-2020-q2-update.win32_2.0.0.202105311346/tools/bin/../lib/gcc/arm-none-eabi/9.3.1/../../../../arm-none-eabi/lib/thumb/v7e-m/nofp\libc_nano.a(lib_a-errno.o)
 .data          0x0000000000000000        0x0 c:/st/stm32cubeide_1.7.0/stm32cubeide/plugins/com.st.stm32cube.ide.mcu.externaltools.gnu-tools-for-stm32.9-2020-q2-update.win32_2.0.0.202105311346/tools/bin/../lib/gcc/arm-none-eabi/9.3.1/../../../../arm-none-eabi/lib/thumb/v7e-m/nofp\libc_nano.a(lib_a-errno.o)
 .bss           0x0000000000000000        0x0 c:/st/stm32cubeide_1.7.0/stm32cubeide/plugins/com.st.stm32cube.ide.mcu.externaltools.gnu-tools-for-stm32.9-2020-q2-update.win32_2.0.0.202105311346/tools/bin/../lib/gcc/arm-none-eabi/9.3.1/../../../../arm-none-eabi/lib/thumb/v7e-m/nofp\libc_nano.a(lib_a-errno.o)
 .text.__errno  0x0000000000000000        0xc c:/st/stm32cubeide_1.7.0/stm32cubeide/plugins/com.st.stm32cube.ide.mcu.externaltools.gnu-tools-for-stm32.9-2020-q2-update.win32_2.0.0.202105311346/tools/bin/../lib/gcc/arm-none-eabi/9.3.1/../../../../arm-none-eabi/lib/thumb/v7e-m/nofp\libc_nano.a(lib_a-errno.o)
 .debug_frame   0x0000000000000000       0x20 c:/st/stm32cubeide_1.7.0/stm32cubeide/plugins/com.st.stm32cube.ide.mcu.externaltools.gnu-tools-for-stm32.9-2020-q2-update.win32_2.0.0.202105311346/tools/bin/../lib/gcc/arm-none-eabi/9.3.1/../../../../arm-none-eabi/lib/thumb/v7e-m/nofp\libc_nano.a(lib_a-errno.o)
 .ARM.attributes
                0x0000000000000000       0x2e c:/st/stm32cubeide_1.7.0/stm32cubeide/plugins/com.st.stm32cube.ide.mcu.externaltools.gnu-tools-for-stm32.9-2020-q2-update.win32_2.0.0.202105311346/tools/bin/../lib/gcc/arm-none-eabi/9.3.1/../../../../arm-none-eabi/lib/thumb/v7e-m/nofp\libc_nano.a(lib_a-errno.o)
 .text          0x0000000000000000        0x0 c:/st/stm32cubeide_1.7.0/stm32cubeide/plugins/com.st.stm32cube.ide.mcu.externaltools.gnu-tools-for-stm32.9-2020-q2-update.win32_2.0.0.202105311346/tools/bin/../lib/gcc/arm-none-eabi/9.3.1/../../../../arm-none-eabi/lib/thumb/v7e-m/nofp\libc_nano.a(lib_a-exit.o)
 .data          0x0000000000000000        0x0 c:/st/stm32cubeide_1.7.0/stm32cubeide/plugins/com.st.stm32cube.ide.mcu.externaltools.gnu-tools-for-stm32.9-2020-q2-update.win32_2.0.0.202105311346/tools/bin/../lib/gcc/arm-none-eabi/9.3.1/../../../../arm-none-eabi/lib/thumb/v7e-m/nofp\libc_nano.a(lib_a-exit.o)
 .bss           0x0000000000000000        0x0 c:/st/stm32cubeide_1.7.0/stm32cubeide/plugins/com.st.stm32cube.ide.mcu.externaltools.gnu-tools-for-stm32.9-2020-q2-update.win32_2.0.0.202105311346/tools/bin/../lib/gcc/arm-none-eabi/9.3.1/../../../../arm-none-eabi/lib/thumb/v7e-m/nofp\libc_nano.a(lib_a-exit.o)
 .text.exit     0x0000000000000000       0x28 c:/st/stm32cubeide_1.7.0/stm32cubeide/plugins/com.st.stm32cube.ide.mcu.externaltools.gnu-tools-for-stm32.9-2020-q2-update.win32_2.0.0.202105311346/tools/bin/../lib/gcc/arm-none-eabi/9.3.1/../../../../arm-none-eabi/lib/thumb/v7e-m/nofp\libc_nano.a(lib_a-exit.o)
 .debug_frame   0x0000000000000000       0x28 c:/st/stm32cubeide_1.7.0/stm32cubeide/plugins/com.st.stm32cube.ide.mcu.externaltools.gnu-tools-for-stm32.9-2020-q2-update.win32_2.0.0.202105311346/tools/bin/../lib/gcc/arm-none-eabi/9.3.1/../../../../arm-none-eabi/lib/thumb/v7e-m/nofp\libc_nano.a(lib_a-exit.o)
 .ARM.attributes
                0x0000000000000000       0x2e c:/st/stm32cubeide_1.7.0/stm32cubeide/plugins/com.st.stm32cube.ide.mcu.externaltools.gnu-tools-for-stm32.9-2020-q2-update.win32_2.0.0.202105311346/tools/bin/../lib/gcc/arm-none-eabi/9.3.1/../../../../arm-none-eabi/lib/thumb/v7e-m/nofp\libc_nano.a(lib_a-exit.o)
 .text          0x0000000000000000        0x0 c:/st/stm32cubeide_1.7.0/stm32cubeide/plugins/com.st.stm32cube.ide.mcu.externaltools.gnu-tools-for-stm32.9-2020-q2-update.win32_2.0.0.202105311346/tools/bin/../lib/gcc/arm-none-eabi/9.3.1/../../../../arm-none-eabi/lib/thumb/v7e-m/nofp\libc_nano.a(lib_a-impure.o)
 .data          0x0000000000000000        0x0 c:/st/stm32cubeide_1.7.0/stm32cubeide/plugins/com.st.stm32cube.ide.mcu.externaltools.gnu-tools-for-stm32.9-2020-q2-update.win32_2.0.0.202105311346/tools/bin/../lib/gcc/arm-none-eabi/9.3.1/../../../../arm-none-eabi/lib/thumb/v7e-m/nofp\libc_nano.a(lib_a-impure.o)
 .bss           0x0000000000000000        0x0 c:/st/stm32cubeide_1.7.0/stm32cubeide/plugins/com.st.stm32cube.ide.mcu.externaltools.gnu-tools-for-stm32.9-2020-q2-update.win32_2.0.0.202105311346/tools/bin/../lib/gcc/arm-none-eabi/9.3.1/../../../../arm-none-eabi/lib/thumb/v7e-m/nofp\libc_nano.a(lib_a-impure.o)
 .data._impure_ptr
                0x0000000000000000        0x4 c:/st/stm32cubeide_1.7.0/stm32cubeide/plugins/com.st.stm32cube.ide.mcu.externaltools.gnu-tools-for-stm32.9-2020-q2-update.win32_2.0.0.202105311346/tools/bin/../lib/gcc/arm-none-eabi/9.3.1/../../../../arm-none-eabi/lib/thumb/v7e-m/nofp\libc_nano.a(lib_a-impure.o)
 .data.impure_data
                0x0000000000000000       0x60 c:/st/stm32cubeide_1.7.0/stm32cubeide/plugins/com.st.stm32cube.ide.mcu.externaltools.gnu-tools-for-stm32.9-2020-q2-update.win32_2.0.0.202105311346/tools/bin/../lib/gcc/arm-none-eabi/9.3.1/../../../../arm-none-eabi/lib/thumb/v7e-m/nofp\libc_nano.a(lib_a-impure.o)
 .rodata._global_impure_ptr
                0x0000000000000000        0x4 c:/st/stm32cubeide_1.7.0/stm32cubeide/plugins/com.st.stm32cube.ide.mcu.externaltools.gnu-tools-for-stm32.9-2020-q2-update.win32_2.0.0.202105311346/tools/bin/../lib/gcc/arm-none-eabi/9.3.1/../../../../arm-none-eabi/lib/thumb/v7e-m/nofp\libc_nano.a(lib_a-impure.o)
 .ARM.attributes
                0x0000000000000000       0x2e c:/st/stm32cubeide_1.7.0/stm32cubeide/plugins/com.st.stm32cube.ide.mcu.externaltools.gnu-tools-for-stm32.9-2020-q2-update.win32_2.0.0.202105311346/tools/bin/../lib/gcc/arm-none-eabi/9.3.1/../../../../arm-none-eabi/lib/thumb/v7e-m/nofp\libc_nano.a(lib_a-impure.o)
 .text          0x0000000000000000        0x0 c:/st/stm32cubeide_1.7.0/stm32cubeide/plugins/com.st.stm32cube.ide.mcu.externaltools.gnu-tools-for-stm32.9-2020-q2-update.win32_2.0.0.202105311346/tools/bin/../lib/gcc/arm-none-eabi/9.3.1/../../../../arm-none-eabi/lib/thumb/v7e-m/nofp\libc_nano.a(lib_a-init.o)
 .data          0x0000000000000000        0x0 c:/st/stm32cubeide_1.7.0/stm32cubeide/plugins/com.st.stm32cube.ide.mcu.externaltools.gnu-tools-for-stm32.9-2020-q2-update.win32_2.0.0.202105311346/tools/bin/../lib/gcc/arm-none-eabi/9.3.1/../../../../arm-none-eabi/lib/thumb/v7e-m/nofp\libc_nano.a(lib_a-init.o)
 .bss           0x0000000000000000        0x0 c:/st/stm32cubeide_1.7.0/stm32cubeide/plugins/com.st.stm32cube.ide.mcu.externaltools.gnu-tools-for-stm32.9-2020-q2-update.win32_2.0.0.202105311346/tools/bin/../lib/gcc/arm-none-eabi/9.3.1/../../../../arm-none-eabi/lib/thumb/v7e-m/nofp\libc_nano.a(lib_a-init.o)
 .text          0x0000000000000000        0x0 c:/st/stm32cubeide_1.7.0/stm32cubeide/plugins/com.st.stm32cube.ide.mcu.externaltools.gnu-tools-for-stm32.9-2020-q2-update.win32_2.0.0.202105311346/tools/bin/../lib/gcc/arm-none-eabi/9.3.1/../../../../arm-none-eabi/lib/thumb/v7e-m/nofp\libc_nano.a(lib_a-memset.o)
 .data          0x0000000000000000        0x0 c:/st/stm32cubeide_1.7.0/stm32cubeide/plugins/com.st.stm32cube.ide.mcu.externaltools.gnu-tools-for-stm32.9-2020-q2-update.win32_2.0.0.202105311346/tools/bin/../lib/gcc/arm-none-eabi/9.3.1/../../../../arm-none-eabi/lib/thumb/v7e-m/nofp\libc_nano.a(lib_a-memset.o)
 .bss           0x0000000000000000        0x0 c:/st/stm32cubeide_1.7.0/stm32cubeide/plugins/com.st.stm32cube.ide.mcu.externaltools.gnu-tools-for-stm32.9-2020-q2-update.win32_2.0.0.202105311346/tools/bin/../lib/gcc/arm-none-eabi/9.3.1/../../../../arm-none-eabi/lib/thumb/v7e-m/nofp\libc_nano.a(lib_a-memset.o)
 .text          0x0000000000000000        0x0 c:/st/stm32cubeide_1.7.0/stm32cubeide/plugins/com.st.stm32cube.ide.mcu.externaltools.gnu-tools-for-stm32.9-2020-q2-update.win32_2.0.0.202105311346/tools/bin/../lib/gcc/arm-none-eabi/9.3.1/../../../../arm-none-eabi/lib/thumb/v7e-m/nofp\libc_nano.a(lib_a-strcpy.o)
 .data          0x0000000000000000        0x0 c:/st/stm32cubeide_1.7.0/stm32cubeide/plugins/com.st.stm32cube.ide.mcu.externaltools.gnu-tools-for-stm32.9-2020-q2-update.win32_2.0.0.202105311346/tools/bin/../lib/gcc/arm-none-eabi/9.3.1/../../../../arm-none-eabi/lib/thumb/v7e-m/nofp\libc_nano.a(lib_a-strcpy.o)
 .bss           0x0000000000000000        0x0 c:/st/stm32cubeide_1.7.0/stm32cubeide/plugins/com.st.stm32cube.ide.mcu.externaltools.gnu-tools-for-stm32.9-2020-q2-update.win32_2.0.0.202105311346/tools/bin/../lib/gcc/arm-none-eabi/9.3.1/../../../../arm-none-eabi/lib/thumb/v7e-m/nofp\libc_nano.a(lib_a-strcpy.o)
 .text          0x0000000000000000        0x0 c:/st/stm32cubeide_1.7.0/stm32cubeide/plugins/com.st.stm32cube.ide.mcu.externaltools.gnu-tools-for-stm32.9-2020-q2-update.win32_2.0.0.202105311346/tools/bin/../lib/gcc/arm-none-eabi/9.3.1/thumb/v7e-m/nofp/crtend.o
 .data          0x0000000000000000        0x0 c:/st/stm32cubeide_1.7.0/stm32cubeide/plugins/com.st.stm32cube.ide.mcu.externaltools.gnu-tools-for-stm32.9-2020-q2-update.win32_2.0.0.202105311346/tools/bin/../lib/gcc/arm-none-eabi/9.3.1/thumb/v7e-m/nofp/crtend.o
 .bss           0x0000000000000000        0x0 c:/st/stm32cubeide_1.7.0/stm32cubeide/plugins/com.st.stm32cube.ide.mcu.externaltools.gnu-tools-for-stm32.9-2020-q2-update.win32_2.0.0.202105311346/tools/bin/../lib/gcc/arm-none-eabi/9.3.1/thumb/v7e-m/nofp/crtend.o
 .eh_frame      0x0000000000000000        0x4 c:/st/stm32cubeide_1.7.0/stm32cubeide/plugins/com.st.stm32cube.ide.mcu.externaltools.gnu-tools-for-stm32.9-2020-q2-update.win32_2.0.0.202105311346/tools/bin/../lib/gcc/arm-none-eabi/9.3.1/thumb/v7e-m/nofp/crtend.o
 .ARM.attributes
                0x0000000000000000       0x2e c:/st/stm32cubeide_1.7.0/stm32cubeide/plugins/com.st.stm32cube.ide.mcu.externaltools.gnu-tools-for-stm32.9-2020-q2-update.win32_2.0.0.202105311346/tools/bin/../lib/gcc/arm-none-eabi/9.3.1/thumb/v7e-m/nofp/crtend.o
 .text          0x0000000000000000        0x0 c:/st/stm32cubeide_1.7.0/stm32cubeide/plugins/com.st.stm32cube.ide.mcu.externaltools.gnu-tools-for-stm32.9-2020-q2-update.win32_2.0.0.202105311346/tools/bin/../lib/gcc/arm-none-eabi/9.3.1/thumb/v7e-m/nofp/crtn.o
 .data          0x0000000000000000        0x0 c:/st/stm32cubeide_1.7.0/stm32cubeide/plugins/com.st.stm32cube.ide.mcu.externaltools.gnu-tools-for-stm32.9-2020-q2-update.win32_2.0.0.202105311346/tools/bin/../lib/gcc/arm-none-eabi/9.3.1/thumb/v7e-m/nofp/crtn.o
 .bss           0x0000000000000000        0x0 c:/st/stm32cubeide_1.7.0/stm32cubeide/plugins/com.st.stm32cube.ide.mcu.externaltools.gnu-tools-for-stm32.9-2020-q2-update.win32_2.0.0.202105311346/tools/bin/../lib/gcc/arm-none-eabi/9.3.1/thumb/v7e-m/nofp/crtn.o

Memory Configuration

Name             Origin             Length             Attributes
CCMRAM           0x0000000010000000 0x0000000000010000 xrw
RAM              0x0000000020000000 0x0000000000020000 xrw
FLASH            0x0000000008000000 0x0000000000100000 xr
*default*        0x0000000000000000 0xffffffffffffffff

Linker script and memory map

LOAD c:/st/stm32cubeide_1.7.0/stm32cubeide/plugins/com.st.stm32cube.ide.mcu.externaltools.gnu-tools-for-stm32.9-2020-q2-update.win32_2.0.0.202105311346/tools/bin/../lib/gcc/arm-none-eabi/9.3.1/thumb/v7e-m/nofp/crti.o
LOAD c:/st/stm32cubeide_1.7.0/stm32cubeide/plugins/com.st.stm32cube.ide.mcu.externaltools.gnu-tools-for-stm32.9-2020-q2-update.win32_2.0.0.202105311346/tools/bin/../lib/gcc/arm-none-eabi/9.3.1/thumb/v7e-m/nofp/crtbegin.o
LOAD c:/st/stm32cubeide_1.7.0/stm32cubeide/plugins/com.st.stm32cube.ide.mcu.externaltools.gnu-tools-for-stm32.9-2020-q2-update.win32_2.0.0.202105311346/tools/bin/../lib/gcc/arm-none-eabi/9.3.1/../../../../arm-none-eabi/lib/thumb/v7e-m/nofp/crt0.o
LOAD ./Src/007_spi_cmd_request_response_IT.o
LOAD ./Src/syscalls.o
LOAD ./Src/sysmem.o
LOAD ./Startup/startup_stm32f407vgtx.o
LOAD ./driver/Src/stm32f407xx_gpio_driver.o
LOAD ./driver/Src/stm32f407xx_spi_driver.o
START GROUP
LOAD c:/st/stm32cubeide_1.7.0/stm32cubeide/plugins/com.st.stm32cube.ide.mcu.externaltools.gnu-tools-for-stm32.9-2020-q2-update.win32_2.0.0.202105311346/tools/bin/../lib/gcc/arm-none-eabi/9.3.1/../../../../arm-none-eabi/lib/thumb/v7e-m/nofp\libc_nano.a
LOAD c:/st/stm32cubeide_1.7.0/stm32cubeide/plugins/com.st.stm32cube.ide.mcu.externaltools.gnu-tools-for-stm32.9-2020-q2-update.win32_2.0.0.202105311346/tools/bin/../lib/gcc/arm-none-eabi/9.3.1/../../../../arm-none-eabi/lib/thumb/v7e-m/nofp\libm.a
END GROUP
START GROUP
LOAD c:/st/stm32cubeide_1.7.0/stm32cubeide/plugins/com.st.stm32cube.ide.mcu.externaltools.gnu-tools-for-stm32.9-2020-q2-update.win32_2.0.0.202105311346/tools/bin/../lib/gcc/arm-none-eabi/9.3.1/thumb/v7e-m/nofp\libgcc.a
LOAD c:/st/stm32cubeide_1.7.0/stm32cubeide/plugins/com.st.stm32cube.ide.mcu.externaltools.gnu-tools-for-stm32.9-2020-q2-update.win32_2.0.0.202105311346/tools/bin/../lib/gcc/arm-none-eabi/9.3.1/../../../../arm-none-eabi/lib/thumb/v7e-m/nofp\libc_nano.a
END GROUP
START GROUP
LOAD c:/st/stm32cubeide_1.7.0/stm32cubeide/plugins/com.st.stm32cube.ide.mcu.externaltools.gnu-tools-for-stm32.9-2020-q2-update.win32_2.0.0.202105311346/tools/bin/../lib/gcc/arm-none-eabi/9.3.1/thumb/v7e-m/nofp\libgcc.a
LOAD c:/st/stm32cubeide_1.7.0/stm32cubeide/plugins/com.st.stm32cube.ide.mcu.externaltools.gnu-tools-for-stm32.9-2020-q2-update.win32_2.0.0.202105311346/tools/bin/../lib/gcc/arm-none-eabi/9.3.1/../../../../arm-none-eabi/lib/thumb/v7e-m/nofp\libc_nano.a
LOAD c:/st/stm32cubeide_1.7.0/stm32cubeide/plugins/com.st.stm32cube.ide.mcu.externaltools.gnu-tools-for-stm32.9-2020-q2-update.win32_2.0.0.202105311346/tools/bin/../lib/gcc/arm-none-eabi/9.3.1/../../../../arm-none-eabi/lib/thumb/v7e-m/nofp\libnosys.a
END GROUP
START GROUP
LOAD c:/st/stm32cubeide_1.7.0/stm32cubeide/plugins/com.st.stm32cube.ide.mcu.externaltools.gnu-tools-for-stm32.9-2020-q2-update.win32_2.0.0.202105311346/tools/bin/../lib/gcc/arm-none-eabi/9.3.1/thumb/v7e-m/nofp\libgcc.a
LOAD c:/st/stm32cubeide_1.7.0/stm32cubeide/plugins/com.st.stm32cube.ide.mcu.externaltools.gnu-tools-for-stm32.9-2020-q2-update.win32_2.0.0.202105311346/tools/bin/../lib/gcc/arm-none-eabi/9.3.1/../../../../arm-none-eabi/lib/thumb/v7e-m/nofp\libc_nano.a
LOAD c:/st/stm32cubeide_1.7.0/stm32cubeide/plugins/com.st.stm32cube.ide.mcu.externaltools.gnu-tools-for-stm32.9-2020-q2-update.win32_2.0.0.202105311346/tools/bin/../lib/gcc/arm-none-eabi/9.3.1/../../../../arm-none-eabi/lib/thumb/v7e-m/nofp\libnosys.a
END GROUP
LOAD c:/st/stm32cubeide_1.7.0/stm32cubeide/plugins/com.st.stm32cube.ide.mcu.externaltools.gnu-tools-for-stm32.9-2020-q2-update.win32_2.0.0.202105311346/tools/bin/../lib/gcc/arm-none-eabi/9.3.1/thumb/v7e-m/nofp/crtend.o
LOAD c:/st/stm32cubeide_1.7.0/stm32cubeide/plugins/com.st.stm32cube.ide.mcu.externaltools.gnu-tools-for-stm32.9-2020-q2-update.win32_2.0.0.202105311346/tools/bin/../lib/gcc/arm-none-eabi/9.3.1/thumb/v7e-m/nofp/crtn.o
                0x0000000020020000                _estack = (ORIGIN (RAM) + LENGTH (RAM))
                0x0000000000000200                _Min_Heap_Size = 0x200
                0x0000000000000400                _Min_Stack_Size = 0x400

.isr_vector     0x0000000008000000      0x1a8
                0x0000000008000000                . = ALIGN (0x4)
 *(.isr_vector)
 .isr_vector    0x0000000008000000      0x1a8 ./Startup/startup_stm32f407vgtx.o
                0x0000000008000000                g_pfnVectors
                0x00000000080001a8                . = ALIGN (0x4)

.text           0x00000000080001a8     0x10c0
                0x00000000080001a8                . = ALIGN (0x4)
 *(.text)
 .text          0x00000000080001a8       0x40 c:/st/stm32cubeide_1.7.0/stm32cubeide/plugins/com.st.stm32cube.ide.mcu.externaltools.gnu-tools-for-stm32.9-2020-q2-update.win32_2.0.0.202105311346/tools/bin/../lib/gcc/arm-none-eabi/9.3.1/thumb/v7e-m/nofp/crtbegin.o
 *(.text*)
 .text.delay    0x00000000080001e8       0x2c ./Src/007_spi_cmd_request_response_IT.o
                0x00000000080001e8                delay
 .text.main     0x0000000008000214      0x354 ./Src/007_spi_cmd_request_response_IT.o
                0x0000000008000214                main
 .text.SPI2_GpioInit
                0x0000000008000568       0x64 ./Src/007_spi_cmd_request_response_IT.o
                0x0000000008000568                SPI2_GpioInit
 .text.SPI2_Init
                0x00000000080005cc       0x58 ./Src/007_spi_cmd_request_response_IT.o
                0x00000000080005cc                SPI2_Init
 .text.GPIO_ButtonInit
                0x0000000008000624       0x2c ./Src/007_spi_cmd_request_response_IT.o
                0x0000000008000624                GPIO_ButtonInit
 .text.SPI_Verifyresponse
                0x0000000008000650       0x20 ./Src/007_spi_cmd_request_response_IT.o
                0x0000000008000650                SPI_Verifyresponse
 .text.SPI2_IRQHandler
                0x0000000008000670       0x14 ./Src/007_spi_cmd_request_response_IT.o
                0x0000000008000670                SPI2_IRQHandler
 .text.Reset_Handler
                0x0000000008000684       0x50 ./Startup/startup_stm32f407vgtx.o
                0x0000000008000684                Reset_Handler
 .text.Default_Handler
                0x00000000080006d4        0x2 ./Startup/startup_stm32f407vgtx.o
                0x00000000080006d4                RTC_Alarm_IRQHandler
                0x00000000080006d4                HASH_RNG_IRQHandler
                0x00000000080006d4                EXTI2_IRQHandler
                0x00000000080006d4                TIM8_CC_IRQHandler
                0x00000000080006d4                DebugMon_Handler
                0x00000000080006d4                TIM1_CC_IRQHandler
                0x00000000080006d4                DMA2_Stream5_IRQHandler
                0x00000000080006d4                HardFault_Handler
                0x00000000080006d4                DMA1_Stream5_IRQHandler
                0x00000000080006d4                SysTick_Handler
                0x00000000080006d4                PVD_IRQHandler
                0x00000000080006d4                SDIO_IRQHandler
                0x00000000080006d4                TAMP_STAMP_IRQHandler
                0x00000000080006d4                PendSV_Handler
                0x00000000080006d4                NMI_Handler
                0x00000000080006d4                CAN2_RX1_IRQHandler
                0x00000000080006d4                EXTI3_IRQHandler
                0x00000000080006d4                TIM8_TRG_COM_TIM14_IRQHandler
                0x00000000080006d4                TIM1_UP_TIM10_IRQHandler
                0x00000000080006d4                TIM8_UP_TIM13_IRQHandler
                0x00000000080006d4                I2C3_ER_IRQHandler
                0x00000000080006d4                LCD_TFT_IRQHandler
                0x00000000080006d4                EXTI0_IRQHandler
                0x00000000080006d4                I2C2_EV_IRQHandler
                0x00000000080006d4                DMA1_Stream2_IRQHandler
                0x00000000080006d4                CAN1_RX0_IRQHandler
                0x00000000080006d4                FPU_IRQHandler
                0x00000000080006d4                OTG_HS_WKUP_IRQHandler
                0x00000000080006d4                UsageFault_Handler
                0x00000000080006d4                CAN2_SCE_IRQHandler
                0x00000000080006d4                DMA2_Stream2_IRQHandler
                0x00000000080006d4                SPI1_IRQHandler
                0x00000000080006d4                TIM6_DAC_IRQHandler
                0x00000000080006d4                TIM1_BRK_TIM9_IRQHandler
                0x00000000080006d4                DCMI_IRQHandler
                0x00000000080006d4                CAN2_RX0_IRQHandler
                0x00000000080006d4                DMA2_Stream3_IRQHandler
                0x00000000080006d4                USART6_IRQHandler
                0x00000000080006d4                USART3_IRQHandler
                0x00000000080006d4                CRYP_IRQHandler
                0x00000000080006d4                CAN1_RX1_IRQHandler
                0x00000000080006d4                UART5_IRQHandler
                0x00000000080006d4                DMA2_Stream0_IRQHandler
                0x00000000080006d4                TIM4_IRQHandler
                0x00000000080006d4                I2C1_EV_IRQHandler
                0x00000000080006d4                DMA1_Stream6_IRQHandler
                0x00000000080006d4                DMA1_Stream1_IRQHandler
                0x00000000080006d4                UART4_IRQHandler
                0x00000000080006d4                LCD_TFT_1_IRQHandler
                0x00000000080006d4                TIM3_IRQHandler
                0x00000000080006d4                RCC_IRQHandler
                0x00000000080006d4                TIM8_BRK_TIM12_IRQHandler
                0x00000000080006d4                Default_Handler
                0x00000000080006d4                EXTI15_10_IRQHandler
                0x00000000080006d4                ADC_IRQHandler
                0x00000000080006d4                DMA1_Stream7_IRQHandler
                0x00000000080006d4                TIM7_IRQHandler
                0x00000000080006d4                CAN2_TX_IRQHandler
                0x00000000080006d4                TIM5_IRQHandler
                0x00000000080006d4                DMA2_Stream7_IRQHandler
                0x00000000080006d4                I2C3_EV_IRQHandler
                0x00000000080006d4                EXTI9_5_IRQHandler
                0x00000000080006d4                RTC_WKUP_IRQHandler
                0x00000000080006d4                ETH_WKUP_IRQHandler
                0x00000000080006d4                OTG_HS_EP1_IN_IRQHandler
                0x00000000080006d4                MemManage_Handler
                0x00000000080006d4                DMA1_Stream0_IRQHandler
                0x00000000080006d4                CAN1_TX_IRQHandler
                0x00000000080006d4                SVC_Handler
                0x00000000080006d4                EXTI4_IRQHandler
                0x00000000080006d4                FSMC_IRQHandler
                0x00000000080006d4                ETH_IRQHandler
                0x00000000080006d4                OTG_HS_EP1_OUT_IRQHandler
                0x00000000080006d4                WWDG_IRQHandler
                0x00000000080006d4                TIM2_IRQHandler
                0x00000000080006d4                OTG_FS_WKUP_IRQHandler
                0x00000000080006d4                TIM1_TRG_COM_TIM11_IRQHandler
                0x00000000080006d4                OTG_HS_IRQHandler
                0x00000000080006d4                EXTI1_IRQHandler
                0x00000000080006d4                USART2_IRQHandler
                0x00000000080006d4                I2C2_ER_IRQHandler
                0x00000000080006d4                DMA2_Stream1_IRQHandler
                0x00000000080006d4                CAN1_SCE_IRQHandler
                0x00000000080006d4                DMA2_Stream4_IRQHandler
                0x00000000080006d4                BusFault_Handler
                0x00000000080006d4                USART1_IRQHandler
                0x00000000080006d4                OTG_FS_IRQHandler
                0x00000000080006d4                SPI3_IRQHandler
                0x00000000080006d4                DMA1_Stream4_IRQHandler
                0x00000000080006d4                I2C1_ER_IRQHandler
                0x00000000080006d4                DMA2_Stream6_IRQHandler
                0x00000000080006d4                DMA1_Stream3_IRQHandler
 *fill*         0x00000000080006d6        0x2 
 .text.GPIO_PeriClock_Control
                0x00000000080006d8      0x1d0 ./driver/Src/stm32f407xx_gpio_driver.o
                0x00000000080006d8                GPIO_PeriClock_Control
 .text.GPIO_Init
                0x00000000080008a8      0x2bc ./driver/Src/stm32f407xx_gpio_driver.o
                0x00000000080008a8                GPIO_Init
 .text.GPIO_ReadFromInputPin
                0x0000000008000b64       0x2e ./driver/Src/stm32f407xx_gpio_driver.o
                0x0000000008000b64                GPIO_ReadFromInputPin
 *fill*         0x0000000008000b92        0x2 
 .text.SPI_PeriClock_Control
                0x0000000008000b94       0xe0 ./driver/Src/stm32f407xx_spi_driver.o
                0x0000000008000b94                SPI_PeriClock_Control
 .text.SPI_Init
                0x0000000008000c74       0xb0 ./driver/Src/stm32f407xx_spi_driver.o
                0x0000000008000c74                SPI_Init
 .text.SPI_SendDataIT
                0x0000000008000d24       0x46 ./driver/Src/stm32f407xx_spi_driver.o
                0x0000000008000d24                SPI_SendDataIT
 .text.SPI_ReceiveDataIT
                0x0000000008000d6a       0x46 ./driver/Src/stm32f407xx_spi_driver.o
                0x0000000008000d6a                SPI_ReceiveDataIT
 .text.SPI_IRQConfig
                0x0000000008000db0      0x108 ./driver/Src/stm32f407xx_spi_driver.o
                0x0000000008000db0                SPI_IRQConfig
 .text.SPI_IRQ_PriorityConfig
                0x0000000008000eb8       0x4e ./driver/Src/stm32f407xx_spi_driver.o
                0x0000000008000eb8                SPI_IRQ_PriorityConfig
 .text.SPI_GetFlagStatus
                0x0000000008000f06       0x26 ./driver/Src/stm32f407xx_spi_driver.o
                0x0000000008000f06                SPI_GetFlagStatus
 .text.SPI_PeripheralControl
                0x0000000008000f2c       0x36 ./driver/Src/stm32f407xx_spi_driver.o
                0x0000000008000f2c                SPI_PeripheralControl
 .text.SPI_SSOEConfig
                0x0000000008000f62       0x36 ./driver/Src/stm32f407xx_spi_driver.o
                0x0000000008000f62                SPI_SSOEConfig
 .text.SPI_IRQHandling
                0x0000000008000f98       0x9a ./driver/Src/stm32f407xx_spi_driver.o
                0x0000000008000f98                SPI_IRQHandling
 .text.spi_txe_interrupt_handle
                0x0000000008001032       0x80 ./driver/Src/stm32f407xx_spi_driver.o
                0x0000000008001032                spi_txe_interrupt_handle
 .text.spi_rxne_interrupt_handle
                0x00000000080010b2       0x84 ./driver/Src/stm32f407xx_spi_driver.o
                0x00000000080010b2                spi_rxne_interrupt_handle
 .text.spi_ovr_interrupt_handle
                0x0000000008001136       0x34 ./driver/Src/stm32f407xx_spi_driver.o
                0x0000000008001136                spi_ovr_interrupt_handle
 .text.SPI_ApplicationEventCallback
                0x000000000800116a       0x16 ./driver/Src/stm32f407xx_spi_driver.o
                0x000000000800116a                SPI_ApplicationEventCallback
 .text.SPI_CloseTransmission
                0x0000000008001180       0x34 ./driver/Src/stm32f407xx_spi_driver.o
                0x0000000008001180                SPI_CloseTransmission
 .text.SPI_CloseRecepition
                0x00000000080011b4       0x34 ./driver/Src/stm32f407xx_spi_driver.o
                0x00000000080011b4                SPI_CloseRecepition
 .text.__libc_init_array
                0x00000000080011e8       0x48 c:/st/stm32cubeide_1.7.0/stm32cubeide/plugins/com.st.stm32cube.ide.mcu.externaltools.gnu-tools-for-stm32.9-2020-q2-update.win32_2.0.0.202105311346/tools/bin/../lib/gcc/arm-none-eabi/9.3.1/../../../../arm-none-eabi/lib/thumb/v7e-m/nofp\libc_nano.a(lib_a-init.o)
                0x00000000080011e8                __libc_init_array
 .text.memset   0x0000000008001230       0x10 c:/st/stm32cubeide_1.7.0/stm32cubeide/plugins/com.st.stm32cube.ide.mcu.externaltools.gnu-tools-for-stm32.9-2020-q2-update.win32_2.0.0.202105311346/tools/bin/../lib/gcc/arm-none-eabi/9.3.1/../../../../arm-none-eabi/lib/thumb/v7e-m/nofp\libc_nano.a(lib_a-memset.o)
                0x0000000008001230                memset
 .text.strcpy   0x0000000008001240       0x10 c:/st/stm32cubeide_1.7.0/stm32cubeide/plugins/com.st.stm32cube.ide.mcu.externaltools.gnu-tools-for-stm32.9-2020-q2-update.win32_2.0.0.202105311346/tools/bin/../lib/gcc/arm-none-eabi/9.3.1/../../../../arm-none-eabi/lib/thumb/v7e-m/nofp\libc_nano.a(lib_a-strcpy.o)
                0x0000000008001240                strcpy
 *(.glue_7)
 .glue_7        0x0000000008001250        0x0 linker stubs
 *(.glue_7t)
 .glue_7t       0x0000000008001250        0x0 linker stubs
 *(.eh_frame)
 .eh_frame      0x0000000008001250        0x0 c:/st/stm32cubeide_1.7.0/stm32cubeide/plugins/com.st.stm32cube.ide.mcu.externaltools.gnu-tools-for-stm32.9-2020-q2-update.win32_2.0.0.202105311346/tools/bin/../lib/gcc/arm-none-eabi/9.3.1/thumb/v7e-m/nofp/crtbegin.o
 *(.init)
 .init          0x0000000008001250        0x4 c:/st/stm32cubeide_1.7.0/stm32cubeide/plugins/com.st.stm32cube.ide.mcu.externaltools.gnu-tools-for-stm32.9-2020-q2-update.win32_2.0.0.202105311346/tools/bin/../lib/gcc/arm-none-eabi/9.3.1/thumb/v7e-m/nofp/crti.o
                0x0000000008001250                _init
 .init          0x0000000008001254        0x8 c:/st/stm32cubeide_1.7.0/stm32cubeide/plugins/com.st.stm32cube.ide.mcu.externaltools.gnu-tools-for-stm32.9-2020-q2-update.win32_2.0.0.202105311346/tools/bin/../lib/gcc/arm-none-eabi/9.3.1/thumb/v7e-m/nofp/crtn.o
 *(.fini)
 .fini          0x000000000800125c        0x4 c:/st/stm32cubeide_1.7.0/stm32cubeide/plugins/com.st.stm32cube.ide.mcu.externaltools.gnu-tools-for-stm32.9-2020-q2-update.win32_2.0.0.202105311346/tools/bin/../lib/gcc/arm-none-eabi/9.3.1/thumb/v7e-m/nofp/crti.o
                0x000000000800125c                _fini
 .fini          0x0000000008001260        0x8 c:/st/stm32cubeide_1.7.0/stm32cubeide/plugins/com.st.stm32cube.ide.mcu.externaltools.gnu-tools-for-stm32.9-2020-q2-update.win32_2.0.0.202105311346/tools/bin/../lib/gcc/arm-none-eabi/9.3.1/thumb/v7e-m/nofp/crtn.o
                0x0000000008001268                . = ALIGN (0x4)
                0x0000000008001268                _etext = .

.vfp11_veneer   0x0000000008001268        0x0
 .vfp11_veneer  0x0000000008001268        0x0 linker stubs

.v4_bx          0x0000000008001268        0x0
 .v4_bx         0x0000000008001268        0x0 linker stubs

.iplt           0x0000000008001268        0x0
 .iplt          0x0000000008001268        0x0 c:/st/stm32cubeide_1.7.0/stm32cubeide/plugins/com.st.stm32cube.ide.mcu.externaltools.gnu-tools-for-stm32.9-2020-q2-update.win32_2.0.0.202105311346/tools/bin/../lib/gcc/arm-none-eabi/9.3.1/thumb/v7e-m/nofp/crtbegin.o

.rodata         0x0000000008001268       0x20
                0x0000000008001268                . = ALIGN (0x4)
 *(.rodata)
 .rodata        0x0000000008001268       0x20 ./Src/007_spi_cmd_request_response_IT.o
 *(.rodata*)
                0x0000000008001288                . = ALIGN (0x4)

.rel.dyn        0x0000000008001288        0x0
 .rel.iplt      0x0000000008001288        0x0 c:/st/stm32cubeide_1.7.0/stm32cubeide/plugins/com.st.stm32cube.ide.mcu.externaltools.gnu-tools-for-stm32.9-2020-q2-update.win32_2.0.0.202105311346/tools/bin/../lib/gcc/arm-none-eabi/9.3.1/thumb/v7e-m/nofp/crtbegin.o

.ARM.extab      0x0000000008001288        0x0
                0x0000000008001288                . = ALIGN (0x4)
 *(.ARM.extab* .gnu.linkonce.armextab.*)
                0x0000000008001288                . = ALIGN (0x4)

.ARM            0x0000000008001288        0x0
                0x0000000008001288                . = ALIGN (0x4)
                0x0000000008001288                __exidx_start = .
 *(.ARM.exidx*)
                0x0000000008001288                __exidx_end = .
                0x0000000008001288                . = ALIGN (0x4)

.preinit_array  0x0000000008001288        0x0
                0x0000000008001288                . = ALIGN (0x4)
                0x0000000008001288                PROVIDE (__preinit_array_start = .)
 *(.preinit_array*)
                0x0000000008001288                PROVIDE (__preinit_array_end = .)
                0x0000000008001288                . = ALIGN (0x4)

.init_array     0x0000000008001288        0x4
                0x0000000008001288                . = ALIGN (0x4)
                0x0000000008001288                PROVIDE (__init_array_start = .)
 *(SORT_BY_NAME(.init_array.*))
 *(.init_array*)
 .init_array    0x0000000008001288        0x4 c:/st/stm32cubeide_1.7.0/stm32cubeide/plugins/com.st.stm32cube.ide.mcu.externaltools.gnu-tools-for-stm32.9-2020-q2-update.win32_2.0.0.202105311346/tools/bin/../lib/gcc/arm-none-eabi/9.3.1/thumb/v7e-m/nofp/crtbegin.o
                0x000000000800128c                PROVIDE (__init_array_end = .)
                0x000000000800128c                . = ALIGN (0x4)

.fini_array     0x000000000800128c        0x4
                0x000000000800128c                . = ALIGN (0x4)
                [!provide]                        PROVIDE (__fini_array_start = .)
 *(SORT_BY_NAME(.fini_array.*))
 *(.fini_array*)
 .fini_array    0x000000000800128c        0x4 c:/st/stm32cubeide_1.7.0/stm32cubeide/plugins/com.st.stm32cube.ide.mcu.externaltools.gnu-tools-for-stm32.9-2020-q2-update.win32_2.0.0.202105311346/tools/bin/../lib/gcc/arm-none-eabi/9.3.1/thumb/v7e-m/nofp/crtbegin.o
                [!provide]                        PROVIDE (__fini_array_end = .)
                0x0000000008001290                . = ALIGN (0x4)
                0x0000000008001290                _sidata = LOADADDR (.data)

.data           0x0000000020000000        0x0 load address 0x0000000008001290
                0x0000000020000000                . = ALIGN (0x4)
                0x0000000020000000                _sdata = .
 *(.data)
 *(.data*)
 *(.RamFunc)
 *(.RamFunc*)
                0x0000000020000000                . = ALIGN (0x4)
                0x0000000020000000                _edata = .
                0x0000000008001290                _siccmram = LOADADDR (.ccmram)

.igot.plt       0x0000000020000000        0x0 load address 0x0000000008001290
 .igot.plt      0x0000000020000000        0x0 c:/st/stm32cubeide_1.7.0/stm32cubeide/plugins/com.st.stm32cube.ide.mcu.externaltools.gnu-tools-for-stm32.9-2020-q2-update.win32_2.0.0.202105311346/tools/bin/../lib/gcc/arm-none-eabi/9.3.1/thumb/v7e-m/nofp/crtbegin.o

.ccmram         0x0000000010000000        0x0 load address 0x0000000008001290
                0x0000000010000000                . = ALIGN (0x4)
                0x0000000010000000                _sccmram = .
 *(.ccmram)
 *(.ccmram*)
                0x0000000010000000                . = ALIGN (0x4)
                0x0000000010000000                _eccmram = .
                0x0000000010000000                . = ALIGN (0x4)

.bss            0x0000000020000000       0x3c
                0x0000000020000000                _sbss = .
                0x0000000020000000                __bss_start__ = _sbss
 *(.bss)
 .bss           0x0000000020000000       0x1c c:/st/stm32cubeide_1.7.0/stm32cubeide/plugins/com.st.stm32cube.ide.mcu.externaltools.gnu-tools-for-stm32.9-2020-q2-update.win32_2.0.0.202105311346/tools/bin/../lib/gcc/arm-none-eabi/9.3.1/thumb/v7e-m/nofp/crtbegin.o
 *(.bss*)
 .bss.SPI2Config
                0x000000002000001c       0x20 ./Src/007_spi_cmd_request_response_IT.o
                0x000000002000001c                SPI2Config
 *(COMMON)
                0x000000002000003c                . = ALIGN (0x4)
                0x000000002000003c                _ebss = .
                0x000000002000003c                __bss_end__ = _ebss

._user_heap_stack
                0x000000002000003c      0x604
                0x0000000020000040                . = ALIGN (0x8)
 *fill*         0x000000002000003c        0x4 
                [!provide]                        PROVIDE (end = .)
                0x0000000020000040                PROVIDE (_end = .)
                0x0000000020000240                . = (. + _Min_Heap_Size)
 *fill*         0x0000000020000040      0x200 
                0x0000000020000640                . = (. + _Min_Stack_Size)
 *fill*         0x0000000020000240      0x400 
                0x0000000020000640                . = ALIGN (0x8)

/DISCARD/
 libc.a(*)
 libm.a(*)
 libgcc.a(*)

.ARM.attributes
                0x0000000000000000       0x2a
 *(.ARM.attributes)
 .ARM.attributes
                0x0000000000000000       0x1e c:/st/stm32cubeide_1.7.0/stm32cubeide/plugins/com.st.stm32cube.ide.mcu.externaltools.gnu-tools-for-stm32.9-2020-q2-update.win32_2.0.0.202105311346/tools/bin/../lib/gcc/arm-none-eabi/9.3.1/thumb/v7e-m/nofp/crti.o
 .ARM.attributes
                0x000000000000001e       0x2e c:/st/stm32cubeide_1.7.0/stm32cubeide/plugins/com.st.stm32cube.ide.mcu.externaltools.gnu-tools-for-stm32.9-2020-q2-update.win32_2.0.0.202105311346/tools/bin/../lib/gcc/arm-none-eabi/9.3.1/thumb/v7e-m/nofp/crtbegin.o
 .ARM.attributes
                0x000000000000004c       0x2e ./Src/007_spi_cmd_request_response_IT.o
 .ARM.attributes
                0x000000000000007a       0x21 ./Startup/startup_stm32f407vgtx.o
 .ARM.attributes
                0x000000000000009b       0x2e ./driver/Src/stm32f407xx_gpio_driver.o
 .ARM.attributes
                0x00000000000000c9       0x2e ./driver/Src/stm32f407xx_spi_driver.o
 .ARM.attributes
                0x00000000000000f7       0x2e c:/st/stm32cubeide_1.7.0/stm32cubeide/plugins/com.st.stm32cube.ide.mcu.externaltools.gnu-tools-for-stm32.9-2020-q2-update.win32_2.0.0.202105311346/tools/bin/../lib/gcc/arm-none-eabi/9.3.1/../../../../arm-none-eabi/lib/thumb/v7e-m/nofp\libc_nano.a(lib_a-init.o)
 .ARM.attributes
                0x0000000000000125       0x2e c:/st/stm32cubeide_1.7.0/stm32cubeide/plugins/com.st.stm32cube.ide.mcu.externaltools.gnu-tools-for-stm32.9-2020-q2-update.win32_2.0.0.202105311346/tools/bin/../lib/gcc/arm-none-eabi/9.3.1/../../../../arm-none-eabi/lib/thumb/v7e-m/nofp\libc_nano.a(lib_a-memset.o)
 .ARM.attributes
                0x0000000000000153       0x2e c:/st/stm32cubeide_1.7.0/stm32cubeide/plugins/com.st.stm32cube.ide.mcu.externaltools.gnu-tools-for-stm32.9-2020-q2-update.win32_2.0.0.202105311346/tools/bin/../lib/gcc/arm-none-eabi/9.3.1/../../../../arm-none-eabi/lib/thumb/v7e-m/nofp\libc_nano.a(lib_a-strcpy.o)
 .ARM.attributes
                0x0000000000000181       0x1e c:/st/stm32cubeide_1.7.0/stm32cubeide/plugins/com.st.stm32cube.ide.mcu.externaltools.gnu-tools-for-stm32.9-2020-q2-update.win32_2.0.0.202105311346/tools/bin/../lib/gcc/arm-none-eabi/9.3.1/thumb/v7e-m/nofp/crtn.o
OUTPUT(stm32f4xx_driver.elf elf32-littlearm)
LOAD linker stubs
LOAD c:/st/stm32cubeide_1.7.0/stm32cubeide/plugins/com.st.stm32cube.ide.mcu.externaltools.gnu-tools-for-stm32.9-2020-q2-update.win32_2.0.0.202105311346/tools/bin/../lib/gcc/arm-none-eabi/9.3.1/../../../../arm-none-eabi/lib/thumb/v7e-m/nofp\libc.a
LOAD c:/st/stm32cubeide_1.7.0/stm32cubeide/plugins/com.st.stm32cube.ide.mcu.externaltools.gnu-tools-for-stm32.9-2020-q2-update.win32_2.0.0.202105311346/tools/bin/../lib/gcc/arm-none-eabi/9.3.1/../../../../arm-none-eabi/lib/thumb/v7e-m/nofp\libm.a
LOAD c:/st/stm32cubeide_1.7.0/stm32cubeide/plugins/com.st.stm32cube.ide.mcu.externaltools.gnu-tools-for-stm32.9-2020-q2-update.win32_2.0.0.202105311346/tools/bin/../lib/gcc/arm-none-eabi/9.3.1/thumb/v7e-m/nofp\libgcc.a

.debug_info     0x0000000000000000     0x3084
 .debug_info    0x0000000000000000      0xe37 ./Src/007_spi_cmd_request_response_IT.o
 .debug_info    0x0000000000000e37       0x22 ./Startup/startup_stm32f407vgtx.o
 .debug_info    0x0000000000000e59      0xff0 ./driver/Src/stm32f407xx_gpio_driver.o
 .debug_info    0x0000000000001e49     0x123b ./driver/Src/stm32f407xx_spi_driver.o

.debug_abbrev   0x0000000000000000      0x7ce
 .debug_abbrev  0x0000000000000000      0x281 ./Src/007_spi_cmd_request_response_IT.o
 .debug_abbrev  0x0000000000000281       0x12 ./Startup/startup_stm32f407vgtx.o
 .debug_abbrev  0x0000000000000293      0x274 ./driver/Src/stm32f407xx_gpio_driver.o
 .debug_abbrev  0x0000000000000507      0x2c7 ./driver/Src/stm32f407xx_spi_driver.o

.debug_aranges  0x0000000000000000      0x1b0
 .debug_aranges
                0x0000000000000000       0x50 ./Src/007_spi_cmd_request_response_IT.o
 .debug_aranges
                0x0000000000000050       0x28 ./Startup/startup_stm32f407vgtx.o
 .debug_aranges
                0x0000000000000078       0x70 ./driver/Src/stm32f407xx_gpio_driver.o
 .debug_aranges
                0x00000000000000e8       0xc8 ./driver/Src/stm32f407xx_spi_driver.o

.debug_ranges   0x0000000000000000      0x178
 .debug_ranges  0x0000000000000000       0x40 ./Src/007_spi_cmd_request_response_IT.o
 .debug_ranges  0x0000000000000040       0x20 ./Startup/startup_stm32f407vgtx.o
 .debug_ranges  0x0000000000000060       0x60 ./driver/Src/stm32f407xx_gpio_driver.o
 .debug_ranges  0x00000000000000c0       0xb8 ./driver/Src/stm32f407xx_spi_driver.o

.debug_macro    0x0000000000000000     0x233e
 .debug_macro   0x0000000000000000      0x1cd ./Src/007_spi_cmd_request_response_IT.o
 .debug_macro   0x00000000000001cd      0xaa8 ./Src/007_spi_cmd_request_response_IT.o
 .debug_macro   0x0000000000000c75       0x22 ./Src/007_spi_cmd_request_response_IT.o
 .debug_macro   0x0000000000000c97       0x8e ./Src/007_spi_cmd_request_response_IT.o
 .debug_macro   0x0000000000000d25       0x51 ./Src/007_spi_cmd_request_response_IT.o
 .debug_macro   0x0000000000000d76      0x103 ./Src/007_spi_cmd_request_response_IT.o
 .debug_macro   0x0000000000000e79       0x6a ./Src/007_spi_cmd_request_response_IT.o
 .debug_macro   0x0000000000000ee3      0x1df ./Src/007_spi_cmd_request_response_IT.o
 .debug_macro   0x00000000000010c2      0x16d ./Src/007_spi_cmd_request_response_IT.o
 .debug_macro   0x000000000000122f       0x52 ./Src/007_spi_cmd_request_response_IT.o
 .debug_macro   0x0000000000001281       0x18 ./Src/007_spi_cmd_request_response_IT.o
 .debug_macro   0x0000000000001299       0x3c ./Src/007_spi_cmd_request_response_IT.o
 .debug_macro   0x00000000000012d5       0x34 ./Src/007_spi_cmd_request_response_IT.o
 .debug_macro   0x0000000000001309       0x16 ./Src/007_spi_cmd_request_response_IT.o
 .debug_macro   0x000000000000131f       0x43 ./Src/007_spi_cmd_request_response_IT.o
 .debug_macro   0x0000000000001362       0x34 ./Src/007_spi_cmd_request_response_IT.o
 .debug_macro   0x0000000000001396       0x10 ./Src/007_spi_cmd_request_response_IT.o
 .debug_macro   0x00000000000013a6       0x58 ./Src/007_spi_cmd_request_response_IT.o
 .debug_macro   0x00000000000013fe       0x71 ./Src/007_spi_cmd_request_response_IT.o
 .debug_macro   0x000000000000146f       0x16 ./Src/007_spi_cmd_request_response_IT.o
 .debug_macro   0x0000000000001485      0x12a ./Src/007_spi_cmd_request_response_IT.o
 .debug_macro   0x00000000000015af      0x35c ./Src/007_spi_cmd_request_response_IT.o
 .debug_macro   0x000000000000190b       0x10 ./Src/007_spi_cmd_request_response_IT.o
 .debug_macro   0x000000000000191b       0x35 ./Src/007_spi_cmd_request_response_IT.o
 .debug_macro   0x0000000000001950       0x20 ./Src/007_spi_cmd_request_response_IT.o
 .debug_macro   0x0000000000001970      0x462 ./Src/007_spi_cmd_request_response_IT.o
 .debug_macro   0x0000000000001dd2      0x100 ./Src/007_spi_cmd_request_response_IT.o
 .debug_macro   0x0000000000001ed2       0xc8 ./Src/007_spi_cmd_request_response_IT.o
 .debug_macro   0x0000000000001f9a      0x171 ./driver/Src/stm32f407xx_gpio_driver.o
 .debug_macro   0x000000000000210b       0xc2 ./driver/Src/stm32f407xx_gpio_driver.o
 .debug_macro   0x00000000000021cd      0x171 ./driver/Src/stm32f407xx_spi_driver.o

.debug_line     0x0000000000000000     0x1f53
 .debug_line    0x0000000000000000      0x888 ./Src/007_spi_cmd_request_response_IT.o
 .debug_line    0x0000000000000888       0x84 ./Startup/startup_stm32f407vgtx.o
 .debug_line    0x000000000000090c      0xac4 ./driver/Src/stm32f407xx_gpio_driver.o
 .debug_line    0x00000000000013d0      0xb83 ./driver/Src/stm32f407xx_spi_driver.o

.debug_str      0x0000000000000000     0x9737
 .debug_str     0x0000000000000000     0x9214 ./Src/007_spi_cmd_request_response_IT.o
                                       0x947f (size before relaxing)
 .debug_str     0x0000000000009214       0x31 ./Startup/startup_stm32f407vgtx.o
                                         0x71 (size before relaxing)
 .debug_str     0x0000000000009245      0x2a9 ./driver/Src/stm32f407xx_gpio_driver.o
                                       0x9461 (size before relaxing)
 .debug_str     0x00000000000094ee      0x249 ./driver/Src/stm32f407xx_spi_driver.o
                                       0x9580 (size before relaxing)

.comment        0x0000000000000000       0x53
 .comment       0x0000000000000000       0x53 ./Src/007_spi_cmd_request_response_IT.o
                                         0x54 (size before relaxing)
 .comment       0x0000000000000053       0x54 ./driver/Src/stm32f407xx_gpio_driver.o
 .comment       0x0000000000000053       0x54 ./driver/Src/stm32f407xx_spi_driver.o

.debug_frame    0x0000000000000000      0x698
 .debug_frame   0x0000000000000000      0x104 ./Src/007_spi_cmd_request_response_IT.o
 .debug_frame   0x0000000000000104      0x1c8 ./driver/Src/stm32f407xx_gpio_driver.o
 .debug_frame   0x00000000000002cc      0x360 ./driver/Src/stm32f407xx_spi_driver.o
 .debug_frame   0x000000000000062c       0x2c c:/st/stm32cubeide_1.7.0/stm32cubeide/plugins/com.st.stm32cube.ide.mcu.externaltools.gnu-tools-for-stm32.9-2020-q2-update.win32_2.0.0.202105311346/tools/bin/../lib/gcc/arm-none-eabi/9.3.1/../../../../arm-none-eabi/lib/thumb/v7e-m/nofp\libc_nano.a(lib_a-init.o)
 .debug_frame   0x0000000000000658       0x20 c:/st/stm32cubeide_1.7.0/stm32cubeide/plugins/com.st.stm32cube.ide.mcu.externaltools.gnu-tools-for-stm32.9-2020-q2-update.win32_2.0.0.202105311346/tools/bin/../lib/gcc/arm-none-eabi/9.3.1/../../../../arm-none-eabi/lib/thumb/v7e-m/nofp\libc_nano.a(lib_a-memset.o)
 .debug_frame   0x0000000000000678       0x20 c:/st/stm32cubeide_1.7.0/stm32cubeide/plugins/com.st.stm32cube.ide.mcu.externaltools.gnu-tools-for-stm32.9-2020-q2-update.win32_2.0.0.202105311346/tools/bin/../lib/gcc/arm-none-eabi/9.3.1/../../../../arm-none-eabi/lib/thumb/v7e-m/nofp\libc_nano.a(lib_a-strcpy.o)
